Archive member included to satisfy reference by file (symbol)

../../DaisyExamples/libDaisy//build\libdaisy.a(daisy_pod.o)
                              build/MultiFX.o (daisy::DaisyPod::StartAudio(void (*)(float const*, float*, unsigned int)))
../../DaisyExamples/libDaisy//build\libdaisy.a(daisy_seed.o)
                              ../../DaisyExamples/libDaisy//build\libdaisy.a(daisy_pod.o) (daisy::DaisySeed::Configure())
../../DaisyExamples/libDaisy//build\libdaisy.a(codec_ak4556.o)
                              ../../DaisyExamples/libDaisy//build\libdaisy.a(daisy_seed.o) (daisy::Ak4556::Init(dsy_gpio_pin))
../../DaisyExamples/libDaisy//build\libdaisy.a(codec_wm8731.o)
                              ../../DaisyExamples/libDaisy//build\libdaisy.a(daisy_seed.o) (daisy::Wm8731::Init(daisy::Wm8731::Config const&, daisy::I2CHandle))
../../DaisyExamples/libDaisy//build\libdaisy.a(sdram.o)
                              ../../DaisyExamples/libDaisy//build\libdaisy.a(daisy_seed.o) (SdramHandle::Init())
../../DaisyExamples/libDaisy//build\libdaisy.a(audio.o)
                              ../../DaisyExamples/libDaisy//build\libdaisy.a(daisy_seed.o) (daisy::AudioHandle::Init(daisy::AudioHandle::Config const&, daisy::SaiHandle))
../../DaisyExamples/libDaisy//build\libdaisy.a(ctrl.o)
                              ../../DaisyExamples/libDaisy//build\libdaisy.a(daisy_pod.o) (daisy::AnalogControl::Init(unsigned short*, float, bool, bool, float))
../../DaisyExamples/libDaisy//build\libdaisy.a(encoder.o)
                              ../../DaisyExamples/libDaisy//build\libdaisy.a(daisy_pod.o) (daisy::Encoder::Init(dsy_gpio_pin, dsy_gpio_pin, dsy_gpio_pin, float))
../../DaisyExamples/libDaisy//build\libdaisy.a(parameter.o)
                              build/MultiFX.o (daisy::Parameter::Init(daisy::AnalogControl, float, float, daisy::Parameter::Curve))
../../DaisyExamples/libDaisy//build\libdaisy.a(rgb_led.o)
                              ../../DaisyExamples/libDaisy//build\libdaisy.a(daisy_pod.o) (daisy::RgbLed::Init(dsy_gpio_pin, dsy_gpio_pin, dsy_gpio_pin, bool))
../../DaisyExamples/libDaisy//build\libdaisy.a(switch.o)
                              ../../DaisyExamples/libDaisy//build\libdaisy.a(daisy_pod.o) (daisy::Switch::Init(dsy_gpio_pin, float))
../../DaisyExamples/libDaisy//build\libdaisy.a(adc.o)
                              ../../DaisyExamples/libDaisy//build\libdaisy.a(daisy_pod.o) (daisy::AdcChannelConfig::InitSingle(dsy_gpio_pin))
../../DaisyExamples/libDaisy//build\libdaisy.a(gpio.o)
                              ../../DaisyExamples/libDaisy//build\libdaisy.a(daisy_seed.o) (dsy_gpio_init)
../../DaisyExamples/libDaisy//build\libdaisy.a(i2c.o)
                              ../../DaisyExamples/libDaisy//build\libdaisy.a(daisy_seed.o) (daisy::I2CHandle::Init(daisy::I2CHandle::Config const&))
../../DaisyExamples/libDaisy//build\libdaisy.a(qspi.o)
                              ../../DaisyExamples/libDaisy//build\libdaisy.a(daisy_seed.o) (daisy::QSPIHandle::Init(daisy::QSPIHandle::Config const&))
../../DaisyExamples/libDaisy//build\libdaisy.a(sai.o)
                              ../../DaisyExamples/libDaisy//build\libdaisy.a(daisy_seed.o) (daisy::SaiHandle::Init(daisy::SaiHandle::Config const&))
../../DaisyExamples/libDaisy//build\libdaisy.a(uart.o)
                              ../../DaisyExamples/libDaisy//build\libdaisy.a(daisy_pod.o) (daisy::UartHandler::Init(daisy::UartHandler::Config const&))
../../DaisyExamples/libDaisy//build\libdaisy.a(system.o)
                              ../../DaisyExamples/libDaisy//build\libdaisy.a(daisy_seed.o) (daisy::System::DeInit())
../../DaisyExamples/libDaisy//build\libdaisy.a(system_stm32h7xx.o)
                              build/startup_stm32h750xx.o (SystemInit)
../../DaisyExamples/libDaisy//build\libdaisy.a(usbd_conf.o)
                              ../../DaisyExamples/libDaisy//build\libdaisy.a(system.o) (hpcd_USB_OTG_HS)
../../DaisyExamples/libDaisy//build\libdaisy.a(usbh_conf.o)
                              ../../DaisyExamples/libDaisy//build\libdaisy.a(system.o) (hhcd_USB_OTG_HS)
../../DaisyExamples/libDaisy//build\libdaisy.a(color.o)
                              ../../DaisyExamples/libDaisy//build\libdaisy.a(daisy_pod.o) (daisy::Color::Init(daisy::Color::PresetColor))
../../DaisyExamples/libDaisy//build\libdaisy.a(hal_map.o)
                              ../../DaisyExamples/libDaisy//build\libdaisy.a(gpio.o) (dsy_hal_map_get_port)
../../DaisyExamples/libDaisy//build\libdaisy.a(stm32h7xx_hal.o)
                              ../../DaisyExamples/libDaisy//build\libdaisy.a(system.o) (HAL_Init)
../../DaisyExamples/libDaisy//build\libdaisy.a(stm32h7xx_hal_adc.o)
                              ../../DaisyExamples/libDaisy//build\libdaisy.a(adc.o) (HAL_ADC_ConfigChannel)
../../DaisyExamples/libDaisy//build\libdaisy.a(stm32h7xx_hal_adc_ex.o)
                              ../../DaisyExamples/libDaisy//build\libdaisy.a(adc.o) (HAL_ADCEx_Calibration_Start)
[...]
Memory Configuration

Name             Origin             Length             Attributes
FLASH            0x08000000         0x00020000         xr
DTCMRAM          0x20000000         0x00020000         xrw
SRAM             0x24000000         0x00080000         xrw
RAM_D2           0x30000000         0x00048000         xrw
RAM_D3           0x38000000         0x00010000         xrw
ITCMRAM          0x00000000         0x00010000         xrw
SDRAM            0xc0000000         0x04000000         xrw
QSPIFLASH        0x90000000         0x00800000         xr
*default*        0x00000000         0xffffffff

Linker script and memory map

LOAD c:/program files/daisytoolchain/bin/../lib/gcc/arm-none-eabi/10.2.1/thumb/v7e-m+dp/hard/crti.o
LOAD c:/program files/daisytoolchain/bin/../lib/gcc/arm-none-eabi/10.2.1/thumb/v7e-m+dp/hard/crtbegin.o
LOAD c:/program files/daisytoolchain/bin/../lib/gcc/arm-none-eabi/10.2.1/../../../../arm-none-eabi/lib/thumb/v7e-m+dp/hard/crt0.o
LOAD build/startup_stm32h750xx.o
LOAD build/MultiFX.o
LOAD ../../DaisyExamples/libDaisy//build\libdaisy.a
LOAD c:/program files/daisytoolchain/bin/../lib/gcc/arm-none-eabi/10.2.1/../../../../arm-none-eabi/lib/thumb/v7e-m+dp/hard\libnosys.a
LOAD ../../DaisyExamples/DaisySP//build\libdaisysp.a
LOAD c:/program files/daisytoolchain/bin/../lib/gcc/arm-none-eabi/10.2.1/../../../../arm-none-eabi/lib/thumb/v7e-m+dp/hard\libstdc++_nano.a
LOAD c:/program files/daisytoolchain/bin/../lib/gcc/arm-none-eabi/10.2.1/../../../../arm-none-eabi/lib/thumb/v7e-m+dp/hard\libm.a
LOAD c:/program files/daisytoolchain/bin/../lib/gcc/arm-none-eabi/10.2.1/../../../../arm-none-eabi/lib/thumb/v7e-m+dp/hard\libc_nano.a
START GROUP
LOAD c:/program files/daisytoolchain/bin/../lib/gcc/arm-none-eabi/10.2.1/thumb/v7e-m+dp/hard\libgcc.a
LOAD c:/program files/daisytoolchain/bin/../lib/gcc/arm-none-eabi/10.2.1/../../../../arm-none-eabi/lib/thumb/v7e-m+dp/hard\libc_nano.a
END GROUP
START GROUP
LOAD c:/program files/daisytoolchain/bin/../lib/gcc/arm-none-eabi/10.2.1/thumb/v7e-m+dp/hard\libgcc.a
LOAD c:/program files/daisytoolchain/bin/../lib/gcc/arm-none-eabi/10.2.1/../../../../arm-none-eabi/lib/thumb/v7e-m+dp/hard\libc_nano.a
LOAD c:/program files/daisytoolchain/bin/../lib/gcc/arm-none-eabi/10.2.1/../../../../arm-none-eabi/lib/thumb/v7e-m+dp/hard\libnosys.a
END GROUP
START GROUP
LOAD c:/program files/daisytoolchain/bin/../lib/gcc/arm-none-eabi/10.2.1/thumb/v7e-m+dp/hard\libgcc.a
LOAD c:/program files/daisytoolchain/bin/../lib/gcc/arm-none-eabi/10.2.1/../../../../arm-none-eabi/lib/thumb/v7e-m+dp/hard\libc_nano.a
LOAD c:/program files/daisytoolchain/bin/../lib/gcc/arm-none-eabi/10.2.1/../../../../arm-none-eabi/lib/thumb/v7e-m+dp/hard\libnosys.a
END GROUP
LOAD c:/program files/daisytoolchain/bin/../lib/gcc/arm-none-eabi/10.2.1/thumb/v7e-m+dp/hard/crtend.o
LOAD c:/program files/daisytoolchain/bin/../lib/gcc/arm-none-eabi/10.2.1/thumb/v7e-m+dp/hard/crtn.o
                0x20020000                _estack = 0x20020000

.isr_vector     0x08000000      0x298
                0x08000000                . = ALIGN (0x4)
 *(.isr_vector)
 .isr_vector    0x08000000      0x298 build/startup_stm32h750xx.o
                0x08000000                g_pfnVectors
                0x08000298                . = ALIGN (0x4)

.text           0x08000298    0x13150
                0x08000298                . = ALIGN (0x4)
                0x08000298                _stext = .
 *(.text)
 .text          0x08000298       0x40 c:/program files/daisytoolchain/bin/../lib/gcc/arm-none-eabi/10.2.1/thumb/v7e-m+dp/hard/crtbegin.o
 .text          0x080002d8      0x378 c:/program files/daisytoolchain/bin/../lib/gcc/arm-none-eabi/10.2.1/thumb/v7e-m+dp/hard\libgcc.a(_arm_addsubdf3.o)
                0x080002d8                __aeabi_drsub
                0x080002e0                __aeabi_dsub
                0x080002e0                __subdf3
                0x080002e4                __aeabi_dadd
                0x080002e4                __adddf3
                0x0800055c                __floatunsidf
                0x0800055c                __aeabi_ui2d
                0x0800057c                __floatsidf
                0x0800057c                __aeabi_i2d
                0x080005a0                __aeabi_f2d
                0x080005a0                __extendsfdf2
                0x080005e4                __floatundidf
                0x080005e4                __aeabi_ul2d
                0x080005f4                __floatdidf
                0x080005f4                __aeabi_l2d
 .text          0x08000650       0x30 c:/program files/daisytoolchain/bin/../lib/gcc/arm-none-eabi/10.2.1/thumb/v7e-m+dp/hard\libgcc.a(_aeabi_uldivmod.o)
                0x08000650                __aeabi_uldivmod
 .text          0x08000680      0x2d0 c:/program files/daisytoolchain/bin/../lib/gcc/arm-none-eabi/10.2.1/thumb/v7e-m+dp/hard\libgcc.a(_udivmoddi4.o)
                0x08000680                __udivmoddi4
 .text          0x08000950        0x4 c:/program files/daisytoolchain/bin/../lib/gcc/arm-none-eabi/10.2.1/thumb/v7e-m+dp/hard\libgcc.a(_dvmd_tls.o)
                0x08000950                __aeabi_idiv0
                0x08000950                __aeabi_ldiv0
 *(.text*)
 .text.Default_Handler
                0x08000954        0x4 build/startup_stm32h750xx.o
                0x08000954                RTC_Alarm_IRQHandler
                0x08000954                HASH_RNG_IRQHandler
                0x08000954                EXTI2_IRQHandler
                0x08000954                TIM8_CC_IRQHandler
                0x08000954                HRTIM1_Master_IRQHandler
                0x08000954                DebugMon_Handler
                0x08000954                TIM1_CC_IRQHandler
                0x08000954                BDMA_Channel6_IRQHandler
                0x08000954                DMA2_Stream5_IRQHandler
                0x08000954                HRTIM1_FLT_IRQHandler
                0x08000954                JPEG_IRQHandler
                0x08000954                BDMA_Channel1_IRQHandler
                0x08000954                HRTIM1_TIMD_IRQHandler
                0x08000954                TAMP_STAMP_IRQHandler
                0x08000954                PendSV_Handler
                0x08000954                NMI_Handler
                0x08000954                EXTI3_IRQHandler
                0x08000954                LPTIM4_IRQHandler
                0x08000954                TIM8_TRG_COM_TIM14_IRQHandler
                0x08000954                LPTIM2_IRQHandler
                0x08000954                DFSDM1_FLT1_IRQHandler
                0x08000954                DMAMUX2_OVR_IRQHandler
                0x08000954                TIM8_UP_TIM13_IRQHandler
                0x08000954                I2C3_ER_IRQHandler
                0x08000954                DFSDM1_FLT2_IRQHandler
                0x08000954                MDMA_IRQHandler
                0x08000954                LPTIM3_IRQHandler
                0x08000954                HSEM1_IRQHandler
                0x08000954                EXTI0_IRQHandler
                0x08000954                FPU_IRQHandler
                0x08000954                OTG_HS_WKUP_IRQHandler
                0x08000954                FDCAN1_IT1_IRQHandler
                0x08000954                UsageFault_Handler
                0x08000954                LTDC_ER_IRQHandler
                0x08000954                HRTIM1_TIME_IRQHandler
                0x08000954                TIM6_DAC_IRQHandler
                0x08000954                DCMI_IRQHandler
                0x08000954                HRTIM1_TIMC_IRQHandler
                0x08000954                SAI2_IRQHandler
                0x08000954                DFSDM1_FLT3_IRQHandler
                0x08000954                TIM17_IRQHandler
                0x08000954                CRYP_IRQHandler
                0x08000954                BDMA_Channel7_IRQHandler
                0x08000954                LPTIM5_IRQHandler
                0x08000954                ADC3_IRQHandler
                0x08000954                DMA2_Stream0_IRQHandler
                0x08000954                BDMA_Channel2_IRQHandler
                0x08000954                DMAMUX1_OVR_IRQHandler
                0x08000954                TIM16_IRQHandler
                0x08000954                BDMA_Channel5_IRQHandler
                0x08000954                RCC_IRQHandler
                0x08000954                TIM8_BRK_TIM12_IRQHandler
                0x08000954                TIM1_TRG_COM_IRQHandler
                0x08000954                Default_Handler
                0x08000954                ECC_IRQHandler
                0x08000954                CEC_IRQHandler
                0x08000954                EXTI15_10_IRQHandler
                0x08000954                BDMA_Channel0_IRQHandler
                0x08000954                ADC_IRQHandler
                0x08000954                DMA1_Stream7_IRQHandler
                0x08000954                HRTIM1_TIMA_IRQHandler
                0x08000954                TIM7_IRQHandler
                0x08000954                SDMMC1_IRQHandler
                0x08000954                DMA2_Stream7_IRQHandler
                0x08000954                TIM15_IRQHandler
                0x08000954                PVD_AVD_IRQHandler
                0x08000954                EXTI9_5_IRQHandler
                0x08000954                RTC_WKUP_IRQHandler
                0x08000954                LTDC_IRQHandler
                0x08000954                SAI3_IRQHandler
                0x08000954                ETH_WKUP_IRQHandler
                0x08000954                SPDIF_RX_IRQHandler
                0x08000954                MemManage_Handler
                0x08000954                SVC_Handler
                0x08000954                CRS_IRQHandler
                0x08000954                EXTI4_IRQHandler
                0x08000954                HRTIM1_TIMB_IRQHandler
                0x08000954                FDCAN2_IT1_IRQHandler
                0x08000954                ETH_IRQHandler
                0x08000954                TIM1_UP_IRQHandler
                0x08000954                BDMA_Channel4_IRQHandler
                0x08000954                WWDG_IRQHandler
                0x08000954                SPI6_IRQHandler
                0x08000954                I2C4_EV_IRQHandler
                0x08000954                MDIOS_IRQHandler
                0x08000954                FDCAN2_IT0_IRQHandler
                0x08000954                FDCAN1_IT0_IRQHandler
                0x08000954                OTG_FS_WKUP_IRQHandler
                0x08000954                DMA2D_IRQHandler
                0x08000954                TIM1_BRK_IRQHandler
                0x08000954                EXTI1_IRQHandler
                0x08000954                SDMMC2_IRQHandler
                0x08000954                OTG_FS_EP1_OUT_IRQHandler
                0x08000954                BDMA_Channel3_IRQHandler
                0x08000954                MDIOS_WKUP_IRQHandler
                0x08000954                DFSDM1_FLT0_IRQHandler
                0x08000954                SAI4_IRQHandler
                0x08000954                I2C2_ER_IRQHandler
                0x08000954                DMA2_Stream1_IRQHandler
                0x08000954                FLASH_IRQHandler
                0x08000954                BusFault_Handler
                0x08000954                OTG_FS_IRQHandler
                0x08000954                WAKEUP_PIN_IRQHandler
                0x08000954                OTG_FS_EP1_IN_IRQHandler
                0x08000954                I2C1_ER_IRQHandler
                0x08000954                FMC_IRQHandler
                0x08000954                FDCAN_CAL_IRQHandler
                0x08000954                SWPMI1_IRQHandler
                0x08000954                COMP1_IRQHandler
                0x08000954                LPTIM1_IRQHandler
                0x08000954                I2C4_ER_IRQHandler
                0x08000954                DMA2_Stream6_IRQHandler
                0x08000954                SAI1_IRQHandler
 .text.Reset_Handler
                0x08000958       0x44 build/startup_stm32h750xx.o
                0x08000958                Reset_Handler
 .text._ZN5daisy9ParameterD2Ev
                0x0800099c        0x4 build/MultiFX.o
                0x0800099c                daisy::Parameter::~Parameter()
                0x0800099c                daisy::Parameter::~Parameter()
 .text._ZN5daisy8DaisyPodD2Ev
                0x080009a0        0x4 build/MultiFX.o
                0x080009a0                daisy::DaisyPod::~DaisyPod()
                0x080009a0                daisy::DaisyPod::~DaisyPod()
 .text._ZN7daisysp3SvfD2Ev
                0x080009a4        0x4 build/MultiFX.o
                0x080009a4                daisysp::Svf::~Svf()
                0x080009a4                daisysp::Svf::~Svf()
 .text._ZN7daisysp8ReverbScD2Ev
                0x080009a8        0x4 build/MultiFX.o
                0x080009a8                daisysp::ReverbSc::~ReverbSc()
                0x080009a8                daisysp::ReverbSc::~ReverbSc()
 .text._ZN7daisysp4ToneD2Ev
                0x080009ac        0x4 build/MultiFX.o
                0x080009ac                daisysp::Tone::~Tone()
                0x080009ac                daisysp::Tone::~Tone()
 .text._ZN7daisysp9DelayLineIfLj120000EED2Ev
                0x080009b0        0x4 build/MultiFX.o
                0x080009b0                daisysp::DelayLine<float, 120000u>::~DelayLine()
                0x080009b0                daisysp::DelayLine<float, 120000u>::~DelayLine()
 *fill*         0x080009b4        0x4 
 .text.startup.main
                0x080009b8      0x1f0 build/MultiFX.o
                0x080009b8                main
 .text._Z11UpdateKnobsRfS_
                0x08000ba8       0xb4 build/MultiFX.o
                0x08000ba8                UpdateKnobs(float&, float&)
 .text._Z10UpdateLedsff
                0x08000c5c       0xac build/MultiFX.o
                0x08000c5c                UpdateLeds(float, float)
 .text._Z8Controlsv
                0x08000d08       0x88 build/MultiFX.o
                0x08000d08                Controls()
 .text._Z14GetDelaySampleRfS_ff
                0x08000d90      0x174 build/MultiFX.o
                0x08000d90                GetDelaySample(float&, float&, float, float)
 .text._Z13AudioCallbackPKfPfj
                0x08000f04      0x130 build/MultiFX.o
                0x08000f04                AudioCallback(float const*, float*, unsigned int)
 .text.startup._GLOBAL__sub_I_mode
                0x08001034       0xf8 build/MultiFX.o
 .text._ZN5daisy8DaisyPod10StartAudioEPFvPKfPfjE
                0x0800112c        0x4 ../../DaisyExamples/libDaisy//build\libdaisy.a(daisy_pod.o)
                0x0800112c                daisy::DaisyPod::StartAudio(void (*)(float const*, float*, unsigned int))
 .text._ZN5daisy8DaisyPod17SetAudioBlockSizeEj
                0x08001130       0x2c ../../DaisyExamples/libDaisy//build\libdaisy.a(daisy_pod.o)
                0x08001130                daisy::DaisyPod::SetAudioBlockSize(unsigned int)
 .text._ZN5daisy8DaisyPod15AudioSampleRateEv
                0x0800115c        0x4 ../../DaisyExamples/libDaisy//build\libdaisy.a(daisy_pod.o)
                0x0800115c                daisy::DaisyPod::AudioSampleRate()
 .text._ZN5daisy8DaisyPod8StartAdcEv
                0x08001160        0x8 ../../DaisyExamples/libDaisy//build\libdaisy.a(daisy_pod.o)
                0x08001160                daisy::DaisyPod::StartAdc()
 .text._ZN5daisy8DaisyPod21ProcessAnalogControlsEv
                0x08001168       0x18 ../../DaisyExamples/libDaisy//build\libdaisy.a(daisy_pod.o)
                0x08001168                daisy::DaisyPod::ProcessAnalogControls()
 .text._ZN5daisy8DaisyPod22ProcessDigitalControlsEv
                0x08001180       0x20 ../../DaisyExamples/libDaisy//build\libdaisy.a(daisy_pod.o)
                0x08001180                daisy::DaisyPod::ProcessDigitalControls()
 .text._ZN5daisy8DaisyPod10UpdateLedsEv
                0x080011a0       0x18 ../../DaisyExamples/libDaisy//build\libdaisy.a(daisy_pod.o)
                0x080011a0                daisy::DaisyPod::UpdateLeds()
 .text._ZN5daisy8DaisyPod8InitLedsEv
                0x080011b8       0xac ../../DaisyExamples/libDaisy//build\libdaisy.a(daisy_pod.o)
                0x080011b8                daisy::DaisyPod::InitLeds()
 .text._ZN5daisy8DaisyPod9InitKnobsEv
                0x08001264       0x98 ../../DaisyExamples/libDaisy//build\libdaisy.a(daisy_pod.o)
                0x08001264                daisy::DaisyPod::InitKnobs()
 .text._ZN5daisy8DaisyPod4InitEb
                0x080012fc      0x118 ../../DaisyExamples/libDaisy//build\libdaisy.a(daisy_pod.o)
                0x080012fc                daisy::DaisyPod::Init(bool)
 .text._ZN5daisy9DaisySeed9ConfigureEv
                0x08001414        0x4 ../../DaisyExamples/libDaisy//build\libdaisy.a(daisy_seed.o)
                0x08001414                daisy::DaisySeed::Configure()
 .text._ZN5daisy9DaisySeed6GetPinEh
                0x08001418       0x2c ../../DaisyExamples/libDaisy//build\libdaisy.a(daisy_seed.o)
                0x08001418                daisy::DaisySeed::GetPin(unsigned char)
 .text._ZN5daisy9DaisySeed10StartAudioEPFvPKfPfjE
                0x08001444        0x8 ../../DaisyExamples/libDaisy//build\libdaisy.a(daisy_seed.o)
                0x08001444                daisy::DaisySeed::StartAudio(void (*)(float const*, float*, unsigned int))
 .text._ZN5daisy9DaisySeed15AudioSampleRateEv
                0x0800144c        0x8 ../../DaisyExamples/libDaisy//build\libdaisy.a(daisy_seed.o)
                0x0800144c                daisy::DaisySeed::AudioSampleRate()
 .text._ZN5daisy9DaisySeed17SetAudioBlockSizeEj
                0x08001454       0x38 ../../DaisyExamples/libDaisy//build\libdaisy.a(daisy_seed.o)
                0x08001454                daisy::DaisySeed::SetAudioBlockSize(unsigned int)
 .text._ZNK5daisy9DaisySeed17AudioCallbackRateEv
                0x0800148c        0x8 ../../DaisyExamples/libDaisy//build\libdaisy.a(daisy_seed.o)
                0x0800148c                daisy::DaisySeed::AudioCallbackRate() const
 .text._ZN5daisy9DaisySeed14ConfigureAudioEv
                0x08001494       0xd0 ../../DaisyExamples/libDaisy//build\libdaisy.a(daisy_seed.o)
                0x08001494                daisy::DaisySeed::ConfigureAudio()
 .text._ZN5daisy9DaisySeed4InitEb
                0x08001564       0xf0 ../../DaisyExamples/libDaisy//build\libdaisy.a(daisy_seed.o)
                0x08001564                daisy::DaisySeed::Init(bool)
 .text._ZN5daisy6Ak45564InitE12dsy_gpio_pin
                0x08001654       0x44 ../../DaisyExamples/libDaisy//build\libdaisy.a(codec_ak4556.o)
                0x08001654                daisy::Ak4556::Init(dsy_gpio_pin)
 .text._ZN5daisy6Wm873120WriteControlRegisterEht
                0x08001698       0x3c ../../DaisyExamples/libDaisy//build\libdaisy.a(codec_wm8731.o)
                0x08001698                daisy::Wm8731::WriteControlRegister(unsigned char, unsigned short)
 .text._ZN5daisy6Wm87314InitERKNS0_6ConfigENS_9I2CHandleE
                0x080016d4      0x1bc ../../DaisyExamples/libDaisy//build\libdaisy.a(codec_wm8731.o)
                0x080016d4                daisy::Wm8731::Init(daisy::Wm8731::Config const&, daisy::I2CHandle)
 .text._ZN11SdramHandle10DeviceInitEv
                0x08001890       0x98 ../../DaisyExamples/libDaisy//build\libdaisy.a(sdram.o)
                0x08001890                SdramHandle::DeviceInit()
 .text._ZN11SdramHandle4InitEv
                0x08001928       0x7c ../../DaisyExamples/libDaisy//build\libdaisy.a(sdram.o)
                0x08001928                SdramHandle::Init()
 .text.HAL_SDRAM_MspInit
                0x080019a4      0x1a8 ../../DaisyExamples/libDaisy//build\libdaisy.a(sdram.o)
                0x080019a4                HAL_SDRAM_MspInit
 .text._ZN5daisy11AudioHandle4Impl16InternalCallbackEPlS2_j
                0x08001b4c      0xbbc ../../DaisyExamples/libDaisy//build\libdaisy.a(audio.o)
                0x08001b4c                daisy::AudioHandle::Impl::InternalCallback(long*, long*, unsigned int)
 .text._ZN5daisy11AudioHandle4InitERKNS0_6ConfigENS_9SaiHandleE
                0x08002708       0x70 ../../DaisyExamples/libDaisy//build\libdaisy.a(audio.o)
                0x08002708                daisy::AudioHandle::Init(daisy::AudioHandle::Config const&, daisy::SaiHandle)
 .text._ZNK5daisy11AudioHandle9GetConfigEv
                0x08002778        0x8 ../../DaisyExamples/libDaisy//build\libdaisy.a(audio.o)
                0x08002778                daisy::AudioHandle::GetConfig() const
 .text._ZN5daisy11AudioHandle12SetBlockSizeEj
                0x08002780       0x1c ../../DaisyExamples/libDaisy//build\libdaisy.a(audio.o)
                0x08002780                daisy::AudioHandle::SetBlockSize(unsigned int)
 .text._ZN5daisy11AudioHandle13GetSampleRateEv
                0x0800279c        0x8 ../../DaisyExamples/libDaisy//build\libdaisy.a(audio.o)
                0x0800279c                daisy::AudioHandle::GetSampleRate()
 .text._ZN5daisy11AudioHandle5StartEPFvPKfPfjE
                0x080027a4       0x2c ../../DaisyExamples/libDaisy//build\libdaisy.a(audio.o)
                0x080027a4                daisy::AudioHandle::Start(void (*)(float const*, float*, unsigned int))
 .text.startup._GLOBAL__sub_I__ZN5daisy11AudioHandle4Impl4InitENS0_6ConfigENS_9SaiHandleE
                0x080027d0       0x24 ../../DaisyExamples/libDaisy//build\libdaisy.a(audio.o)
 .text._ZN5daisy13AnalogControl4InitEPtfbbf
                0x080027f4       0x64 ../../DaisyExamples/libDaisy//build\libdaisy.a(ctrl.o)
                0x080027f4                daisy::AnalogControl::Init(unsigned short*, float, bool, bool, float)
 .text._ZN5daisy13AnalogControl7ProcessEv
                0x08002858       0x48 ../../DaisyExamples/libDaisy//build\libdaisy.a(ctrl.o)
                0x08002858                daisy::AnalogControl::Process()
 .text._ZN5daisy13AnalogControl13SetSampleRateEf
                0x080028a0       0x58 ../../DaisyExamples/libDaisy//build\libdaisy.a(ctrl.o)
                0x080028a0                daisy::AnalogControl::SetSampleRate(float)
 .text._ZN5daisy7Encoder4InitE12dsy_gpio_pinS1_S1_f
                0x080028f8       0x60 ../../DaisyExamples/libDaisy//build\libdaisy.a(encoder.o)
                0x080028f8                daisy::Encoder::Init(dsy_gpio_pin, dsy_gpio_pin, dsy_gpio_pin, float)
 .text._ZN5daisy7Encoder8DebounceEv
                0x08002958       0x7c ../../DaisyExamples/libDaisy//build\libdaisy.a(encoder.o)
                0x08002958                daisy::Encoder::Debounce()
 .text._ZN5daisy9Parameter4InitENS_13AnalogControlEffNS0_5CurveE
                0x080029d4       0x60 ../../DaisyExamples/libDaisy//build\libdaisy.a(parameter.o)
                0x080029d4                daisy::Parameter::Init(daisy::AnalogControl, float, float, daisy::Parameter::Curve)
 .text._ZN5daisy9Parameter7ProcessEv
                0x08002a34       0xac ../../DaisyExamples/libDaisy//build\libdaisy.a(parameter.o)
                0x08002a34                daisy::Parameter::Process()
 .text._ZN5daisy6RgbLed4InitE12dsy_gpio_pinS1_S1_b
                0x08002ae0       0x50 ../../DaisyExamples/libDaisy//build\libdaisy.a(rgb_led.o)
                0x08002ae0                daisy::RgbLed::Init(dsy_gpio_pin, dsy_gpio_pin, dsy_gpio_pin, bool)
 .text._ZN5daisy6RgbLed3SetEfff
                0x08002b30       0x34 ../../DaisyExamples/libDaisy//build\libdaisy.a(rgb_led.o)
                0x08002b30                daisy::RgbLed::Set(float, float, float)
 .text._ZN5daisy6RgbLed8SetColorENS_5ColorE
                0x08002b64       0x2c ../../DaisyExamples/libDaisy//build\libdaisy.a(rgb_led.o)
                0x08002b64                daisy::RgbLed::SetColor(daisy::Color)
 .text._ZN5daisy6RgbLed6UpdateEv
                0x08002b90       0x1c ../../DaisyExamples/libDaisy//build\libdaisy.a(rgb_led.o)
                0x08002b90                daisy::RgbLed::Update()
 .text._ZN5daisy6Switch4InitE12dsy_gpio_pinf
                0x08002bac       0x34 ../../DaisyExamples/libDaisy//build\libdaisy.a(switch.o)
                0x08002bac                daisy::Switch::Init(dsy_gpio_pin, float)
 .text._ZN5daisy6Switch8DebounceEv
                0x08002be0       0x5c ../../DaisyExamples/libDaisy//build\libdaisy.a(switch.o)
                0x08002be0                daisy::Switch::Debounce()
 .text._ZN5daisy16AdcChannelConfig10InitSingleE12dsy_gpio_pin
                0x08002c3c       0x1c ../../DaisyExamples/libDaisy//build\libdaisy.a(adc.o)
                0x08002c3c                daisy::AdcChannelConfig::InitSingle(dsy_gpio_pin)
 .text._ZN5daisy9AdcHandle4InitEPNS_16AdcChannelConfigEjNS0_12OverSamplingE
                0x08002c58      0x3c8 ../../DaisyExamples/libDaisy//build\libdaisy.a(adc.o)
                0x08002c58                daisy::AdcHandle::Init(daisy::AdcChannelConfig*, unsigned int, daisy::AdcHandle::OverSampling)
 .text._ZN5daisy9AdcHandle5StartEv
                0x08003020       0x2c ../../DaisyExamples/libDaisy//build\libdaisy.a(adc.o)
                0x08003020                daisy::AdcHandle::Start()
 .text._ZNK5daisy9AdcHandle6GetPtrEh
                0x0800304c       0x14 ../../DaisyExamples/libDaisy//build\libdaisy.a(adc.o)
                0x0800304c                daisy::AdcHandle::GetPtr(unsigned char) const
 .text.HAL_ADC_MspInit
                0x08003060       0x98 ../../DaisyExamples/libDaisy//build\libdaisy.a(adc.o)
                0x08003060                HAL_ADC_MspInit
 .text.DMA1_Stream2_IRQHandler
                0x080030f8        0xc ../../DaisyExamples/libDaisy//build\libdaisy.a(adc.o)
                0x080030f8                DMA1_Stream2_IRQHandler
 .text.HAL_ADC_ConvCpltCallback
                0x08003104      0x148 ../../DaisyExamples/libDaisy//build\libdaisy.a(adc.o)
                0x08003104                HAL_ADC_ConvCpltCallback
 .text.HAL_ADC_ErrorCallback
                0x0800324c        0x4 ../../DaisyExamples/libDaisy//build\libdaisy.a(adc.o)
                0x0800324c                HAL_ADC_ErrorCallback
 .text.dsy_gpio_init
                0x08003250      0x1b8 ../../DaisyExamples/libDaisy//build\libdaisy.a(gpio.o)
                0x08003250                dsy_gpio_init
 .text.dsy_gpio_read
                0x08003408       0x1c ../../DaisyExamples/libDaisy//build\libdaisy.a(gpio.o)
                0x08003408                dsy_gpio_read
 .text.dsy_gpio_write
                0x08003424       0x24 ../../DaisyExamples/libDaisy//build\libdaisy.a(gpio.o)
                0x08003424                dsy_gpio_write
 .text._ZN5daisy9I2CHandle4Impl8InitPinsEv
                0x08003448       0x58 ../../DaisyExamples/libDaisy//build\libdaisy.a(i2c.o)
                0x08003448                daisy::I2CHandle::Impl::InitPins()
 .text.HAL_I2C_MspInit
                0x080034a0      0x1b4 ../../DaisyExamples/libDaisy//build\libdaisy.a(i2c.o)
                0x080034a0                HAL_I2C_MspInit
 .text.dsy_i2c_global_init
                0x08003654       0x78 ../../DaisyExamples/libDaisy//build\libdaisy.a(i2c.o)
                0x08003654                dsy_i2c_global_init
 .text.DMA1_Stream6_IRQHandler
                0x080036cc       0x34 ../../DaisyExamples/libDaisy//build\libdaisy.a(i2c.o)
                0x080036cc                DMA1_Stream6_IRQHandler
 .text.I2C1_EV_IRQHandler
                0x08003700        0xc ../../DaisyExamples/libDaisy//build\libdaisy.a(i2c.o)
                0x08003700                I2C1_EV_IRQHandler
 .text.I2C2_EV_IRQHandler
                0x0800370c        0xc ../../DaisyExamples/libDaisy//build\libdaisy.a(i2c.o)
                0x0800370c                I2C2_EV_IRQHandler
 .text.I2C3_EV_IRQHandler
                0x08003718        0xc ../../DaisyExamples/libDaisy//build\libdaisy.a(i2c.o)
                0x08003718                I2C3_EV_IRQHandler
 .text._ZN5daisy9I2CHandle4InitERKNS0_6ConfigE
                0x08003724      0x12c ../../DaisyExamples/libDaisy//build\libdaisy.a(i2c.o)
                0x08003724                daisy::I2CHandle::Init(daisy::I2CHandle::Config const&)
 .text._ZN5daisy9I2CHandle16TransmitBlockingEtPhtm
                0x08003850       0x50 ../../DaisyExamples/libDaisy//build\libdaisy.a(i2c.o)
                0x08003850                daisy::I2CHandle::TransmitBlocking(unsigned short, unsigned char*, unsigned short, unsigned long)
 .text.startup._GLOBAL__sub_I__ZN5daisy9I2CHandle4Impl10GlobalInitEv
                0x080038a0       0x18 ../../DaisyExamples/libDaisy//build\libdaisy.a(i2c.o)
 .text._ZN5daisy10QSPIHandle4Impl11WriteEnableEv
                0x080038b8       0x8c ../../DaisyExamples/libDaisy//build\libdaisy.a(qspi.o)
                0x080038b8                daisy::QSPIHandle::Impl::WriteEnable()
 *fill*         0x08003944        0x4 
 .text._ZN5daisy10QSPIHandle4Impl17DummyCyclesConfigENS0_6Config6DeviceE
                0x08003948      0x118 ../../DaisyExamples/libDaisy//build\libdaisy.a(qspi.o)
                0x08003948                daisy::QSPIHandle::Impl::DummyCyclesConfig(daisy::QSPIHandle::Config::Device)
 .text._ZN5daisy10QSPIHandle4Impl10QuadEnableEv
                0x08003a60      0x158 ../../DaisyExamples/libDaisy//build\libdaisy.a(qspi.o)
                0x08003a60                daisy::QSPIHandle::Impl::QuadEnable()
 .text._ZN5daisy10QSPIHandle4InitERKNS0_6ConfigE
                0x08003bb8      0x198 ../../DaisyExamples/libDaisy//build\libdaisy.a(qspi.o)
                0x08003bb8                daisy::QSPIHandle::Init(daisy::QSPIHandle::Config const&)
 .text.HAL_QSPI_MspInit
                0x08003d50      0x11c ../../DaisyExamples/libDaisy//build\libdaisy.a(qspi.o)
                0x08003d50                HAL_QSPI_MspInit
 .text.HAL_QSPI_MspDeInit
                0x08003e6c       0x54 ../../DaisyExamples/libDaisy//build\libdaisy.a(qspi.o)
                0x08003e6c                HAL_QSPI_MspDeInit
 .text.QUADSPI_IRQHandler
                0x08003ec0        0xc ../../DaisyExamples/libDaisy//build\libdaisy.a(qspi.o)
                0x08003ec0                QUADSPI_IRQHandler
 .text.startup._GLOBAL__sub_I__ZN5daisy10QSPIHandle4Impl4InitERKNS0_6ConfigE
                0x08003ecc       0x28 ../../DaisyExamples/libDaisy//build\libdaisy.a(qspi.o)
 .text._ZN5daisy9SaiHandle4Impl7InitDmaENS1_15PeripheralBlockE
                0x08003ef4       0xa0 ../../DaisyExamples/libDaisy//build\libdaisy.a(sai.o)
                0x08003ef4                daisy::SaiHandle::Impl::InitDma(daisy::SaiHandle::Impl::PeripheralBlock)
 .text._ZN5daisy9SaiHandle4Impl8InitPinsEv
                0x08003f94       0xa8 ../../DaisyExamples/libDaisy//build\libdaisy.a(sai.o)
                0x08003f94                daisy::SaiHandle::Impl::InitPins()
 .text.HAL_SAI_MspInit
                0x0800403c      0x164 ../../DaisyExamples/libDaisy//build\libdaisy.a(sai.o)
                0x0800403c                HAL_SAI_MspInit
 .text.DMA1_Stream0_IRQHandler
                0x080041a0        0xc ../../DaisyExamples/libDaisy//build\libdaisy.a(sai.o)
                0x080041a0                DMA1_Stream0_IRQHandler
 .text.DMA1_Stream1_IRQHandler
                0x080041ac        0xc ../../DaisyExamples/libDaisy//build\libdaisy.a(sai.o)
                0x080041ac                DMA1_Stream1_IRQHandler
 .text.DMA1_Stream3_IRQHandler
                0x080041b8        0xc ../../DaisyExamples/libDaisy//build\libdaisy.a(sai.o)
                0x080041b8                DMA1_Stream3_IRQHandler
 .text.DMA1_Stream4_IRQHandler
                0x080041c4        0xc ../../DaisyExamples/libDaisy//build\libdaisy.a(sai.o)
                0x080041c4                DMA1_Stream4_IRQHandler
 .text.HAL_SAI_RxHalfCpltCallback
                0x080041d0       0x78 ../../DaisyExamples/libDaisy//build\libdaisy.a(sai.o)
                0x080041d0                HAL_SAI_RxHalfCpltCallback
 .text.HAL_SAI_RxCpltCallback
                0x08004248       0x70 ../../DaisyExamples/libDaisy//build\libdaisy.a(sai.o)
                0x08004248                HAL_SAI_RxCpltCallback
 .text._ZN5daisy9SaiHandle4InitERKNS0_6ConfigE
                0x080042b8      0x1f0 ../../DaisyExamples/libDaisy//build\libdaisy.a(sai.o)
                0x080042b8                daisy::SaiHandle::Init(daisy::SaiHandle::Config const&)
 .text._ZNK5daisy9SaiHandle9GetConfigEv
                0x080044a8        0x4 ../../DaisyExamples/libDaisy//build\libdaisy.a(sai.o)
                0x080044a8                daisy::SaiHandle::GetConfig() const
 .text._ZN5daisy9SaiHandle8StartDmaEPlS1_jPFvS1_S1_jE
                0x080044ac       0xbc ../../DaisyExamples/libDaisy//build\libdaisy.a(sai.o)
                0x080044ac                daisy::SaiHandle::StartDma(long*, long*, unsigned int, void (*)(long*, long*, unsigned int))
 .text._ZN5daisy9SaiHandle13GetSampleRateEv
                0x08004568       0x24 ../../DaisyExamples/libDaisy//build\libdaisy.a(sai.o)
                0x08004568                daisy::SaiHandle::GetSampleRate()
 .text._ZNK5daisy9SaiHandle9GetOffsetEv
                0x0800458c        0x8 ../../DaisyExamples/libDaisy//build\libdaisy.a(sai.o)
                0x0800458c                daisy::SaiHandle::GetOffset() const
 .text._ZN5daisy11UartHandler4Impl7InitDmaEbb
                0x08004594      0x164 ../../DaisyExamples/libDaisy//build\libdaisy.a(uart.o)
                0x08004594                daisy::UartHandler::Impl::InitDma(bool, bool)
 .text._ZN5daisy11UartHandler4Impl10HandleFifoEv
                0x080046f8       0xec ../../DaisyExamples/libDaisy//build\libdaisy.a(uart.o)
                0x080046f8                daisy::UartHandler::Impl::HandleFifo()
 .text._ZN5daisy11UartHandler4Impl10StartDmaTxEPhjPFvPvEPFvS3_NS0_6ResultEES3_
                0x080047e4       0xcc ../../DaisyExamples/libDaisy//build\libdaisy.a(uart.o)
                0x080047e4                daisy::UartHandler::Impl::StartDmaTx(unsigned char*, unsigned int, void (*)(void*), void (*)(void*, daisy::UartHandler::Result), void*)
 .text._ZN5daisy11UartHandler4Impl10StartDmaRxEPhjPFvPvEPFvS3_NS0_6ResultEES3_
                0x080048b0       0xcc ../../DaisyExamples/libDaisy//build\libdaisy.a(uart.o)
                0x080048b0                daisy::UartHandler::Impl::StartDmaRx(unsigned char*, unsigned int, void (*)(void*), void (*)(void*, daisy::UartHandler::Result), void*)
 .text._ZN5daisy11UartHandler4Impl19DmaTransferFinishedEP20__UART_HandleTypeDefNS0_6ResultE
                0x0800497c       0xc0 ../../DaisyExamples/libDaisy//build\libdaisy.a(uart.o)
                0x0800497c                daisy::UartHandler::Impl::DmaTransferFinished(__UART_HandleTypeDef*, daisy::UartHandler::Result)
 .text._ZN5daisy11UartHandler4Impl8InitPinsEv
                0x08004a3c      0x150 ../../DaisyExamples/libDaisy//build\libdaisy.a(uart.o)
                0x08004a3c                daisy::UartHandler::Impl::InitPins()
 .text.HAL_UART_MspInit
                0x08004b8c      0x210 ../../DaisyExamples/libDaisy//build\libdaisy.a(uart.o)
                0x08004b8c                HAL_UART_MspInit
 .text.dsy_uart_global_init
                0x08004d9c      0x110 ../../DaisyExamples/libDaisy//build\libdaisy.a(uart.o)
                0x08004d9c                dsy_uart_global_init
 .text.USART1_IRQHandler
                0x08004eac       0x30 ../../DaisyExamples/libDaisy//build\libdaisy.a(uart.o)
                0x08004eac                USART1_IRQHandler
 .text.USART2_IRQHandler
                0x08004edc       0x34 ../../DaisyExamples/libDaisy//build\libdaisy.a(uart.o)
                0x08004edc                USART2_IRQHandler
 .text.USART3_IRQHandler
                0x08004f10       0x34 ../../DaisyExamples/libDaisy//build\libdaisy.a(uart.o)
                0x08004f10                USART3_IRQHandler
 .text.UART4_IRQHandler
                0x08004f44       0x34 ../../DaisyExamples/libDaisy//build\libdaisy.a(uart.o)
                0x08004f44                UART4_IRQHandler
 .text.UART5_IRQHandler
                0x08004f78       0x34 ../../DaisyExamples/libDaisy//build\libdaisy.a(uart.o)
                0x08004f78                UART5_IRQHandler
 .text.USART6_IRQHandler
                0x08004fac       0x34 ../../DaisyExamples/libDaisy//build\libdaisy.a(uart.o)
                0x08004fac                USART6_IRQHandler
 .text.UART7_IRQHandler
                0x08004fe0       0x30 ../../DaisyExamples/libDaisy//build\libdaisy.a(uart.o)
                0x08004fe0                UART7_IRQHandler
 .text.UART8_IRQHandler
                0x08005010       0x34 ../../DaisyExamples/libDaisy//build\libdaisy.a(uart.o)
                0x08005010                UART8_IRQHandler
 .text.LPUART1_IRQHandler
                0x08005044       0x34 ../../DaisyExamples/libDaisy//build\libdaisy.a(uart.o)
                0x08005044                LPUART1_IRQHandler
 .text.DMA1_Stream5_IRQHandler
                0x08005078       0x34 ../../DaisyExamples/libDaisy//build\libdaisy.a(uart.o)
                0x08005078                DMA1_Stream5_IRQHandler
 .text.DMA2_Stream4_IRQHandler
                0x080050ac       0x34 ../../DaisyExamples/libDaisy//build\libdaisy.a(uart.o)
                0x080050ac                DMA2_Stream4_IRQHandler
 .text.HAL_UART_TxCpltCallback
                0x080050e0        0x8 ../../DaisyExamples/libDaisy//build\libdaisy.a(uart.o)
                0x080050e0                HAL_UART_TxCpltCallback
 .text.HAL_UART_RxCpltCallback
                0x080050e8        0x8 ../../DaisyExamples/libDaisy//build\libdaisy.a(uart.o)
                0x080050e8                HAL_UART_RxCpltCallback
 .text.HAL_UART_ErrorCallback
                0x080050f0        0x8 ../../DaisyExamples/libDaisy//build\libdaisy.a(uart.o)
                0x080050f0                HAL_UART_ErrorCallback
 .text._ZN5daisy11UartHandler4InitERKNS0_6ConfigE
                0x080050f8       0xec ../../DaisyExamples/libDaisy//build\libdaisy.a(uart.o)
                0x080050f8                daisy::UartHandler::Init(daisy::UartHandler::Config const&)
 .text.startup._GLOBAL__sub_I__Z19MapInstanceToHandleP13USART_TypeDef
                0x080051e4      0x190 ../../DaisyExamples/libDaisy//build\libdaisy.a(uart.o)
 .text._ZN5daisy11TimerHandleD2Ev
                0x08005374        0x4 ../../DaisyExamples/libDaisy//build\libdaisy.a(system.o)
                0x08005374                daisy::TimerHandle::~TimerHandle()
                0x08005374                daisy::TimerHandle::~TimerHandle()
 .text.SysTick_Handler
                0x08005378       0x10 ../../DaisyExamples/libDaisy//build\libdaisy.a(system.o)
                0x08005378                SysTick_Handler
 .text.OTG_HS_EP1_OUT_IRQHandler
                0x08005388       0x24 ../../DaisyExamples/libDaisy//build\libdaisy.a(system.o)
                0x08005388                OTG_HS_EP1_OUT_IRQHandler
 .text.OTG_HS_EP1_IN_IRQHandler
                0x080053ac       0x24 ../../DaisyExamples/libDaisy//build\libdaisy.a(system.o)
                0x080053ac                OTG_HS_EP1_IN_IRQHandler
 .text.OTG_HS_IRQHandler
                0x080053d0       0x24 ../../DaisyExamples/libDaisy//build\libdaisy.a(system.o)
                0x080053d0                OTG_HS_IRQHandler
 .text.HardFault_Handler
                0x080053f4       0xe0 ../../DaisyExamples/libDaisy//build\libdaisy.a(system.o)
                0x080053f4                HardFault_Handler
 .text._ZN5daisy6System6GetNowEv
                0x080054d4        0x4 ../../DaisyExamples/libDaisy//build\libdaisy.a(system.o)
                0x080054d4                daisy::System::GetNow()
 .text._ZN5daisy6System5DelayEm
                0x080054d8        0x4 ../../DaisyExamples/libDaisy//build\libdaisy.a(system.o)
                0x080054d8                daisy::System::Delay(unsigned long)
 .text._ZN5daisy6System15ConfigureClocksEv
                0x080054dc      0x194 ../../DaisyExamples/libDaisy//build\libdaisy.a(system.o)
                0x080054dc                daisy::System::ConfigureClocks()
 .text._ZN5daisy6System4InitERKNS0_6ConfigE
                0x08005670      0x140 ../../DaisyExamples/libDaisy//build\libdaisy.a(system.o)
                0x08005670                daisy::System::Init(daisy::System::Config const&)
 .text._ZN5daisy6System12GetPClk1FreqEv
                0x080057b0        0x4 ../../DaisyExamples/libDaisy//build\libdaisy.a(system.o)
                0x080057b0                daisy::System::GetPClk1Freq()
 .text._ZN5daisy6System22GetProgramMemoryRegionEv
                0x080057b4       0x78 ../../DaisyExamples/libDaisy//build\libdaisy.a(system.o)
                0x080057b4                daisy::System::GetProgramMemoryRegion()
 .text.startup._GLOBAL__sub_I_SysTick_Handler
                0x0800582c       0x1c ../../DaisyExamples/libDaisy//build\libdaisy.a(system.o)
 .text.SystemInit
                0x08005848       0x9c ../../DaisyExamples/libDaisy//build\libdaisy.a(system_stm32h7xx.o)
                0x08005848                SystemInit
 .text.HAL_PCD_SetupStageCallback
                0x080058e4        0xc ../../DaisyExamples/libDaisy//build\libdaisy.a(usbd_conf.o)
                0x080058e4                HAL_PCD_SetupStageCallback
 .text.HAL_PCD_DataOutStageCallback
                0x080058f0       0x14 ../../DaisyExamples/libDaisy//build\libdaisy.a(usbd_conf.o)
                0x080058f0                HAL_PCD_DataOutStageCallback
 .text.HAL_PCD_DataInStageCallback
                0x08005904       0x14 ../../DaisyExamples/libDaisy//build\libdaisy.a(usbd_conf.o)
                0x08005904                HAL_PCD_DataInStageCallback
 .text.HAL_PCD_SOFCallback
                0x08005918        0x8 ../../DaisyExamples/libDaisy//build\libdaisy.a(usbd_conf.o)
                0x08005918                HAL_PCD_SOFCallback
 .text.HAL_PCD_ResetCallback
                0x08005920       0x24 ../../DaisyExamples/libDaisy//build\libdaisy.a(usbd_conf.o)
                0x08005920                HAL_PCD_ResetCallback
 .text.HAL_PCD_SuspendCallback
                0x08005944       0x30 ../../DaisyExamples/libDaisy//build\libdaisy.a(usbd_conf.o)
                0x08005944                HAL_PCD_SuspendCallback
 .text.HAL_PCD_ResumeCallback
                0x08005974        0x8 ../../DaisyExamples/libDaisy//build\libdaisy.a(usbd_conf.o)
                0x08005974                HAL_PCD_ResumeCallback
 .text.HAL_PCD_ISOOUTIncompleteCallback
                0x0800597c        0x8 ../../DaisyExamples/libDaisy//build\libdaisy.a(usbd_conf.o)
                0x0800597c                HAL_PCD_ISOOUTIncompleteCallback
 .text.HAL_PCD_ISOINIncompleteCallback
                0x08005984        0x8 ../../DaisyExamples/libDaisy//build\libdaisy.a(usbd_conf.o)
                0x08005984                HAL_PCD_ISOINIncompleteCallback
 .text.HAL_PCD_ConnectCallback
                0x0800598c        0x8 ../../DaisyExamples/libDaisy//build\libdaisy.a(usbd_conf.o)
                0x0800598c                HAL_PCD_ConnectCallback
 .text.HAL_PCD_DisconnectCallback
                0x08005994        0x8 ../../DaisyExamples/libDaisy//build\libdaisy.a(usbd_conf.o)
                0x08005994                HAL_PCD_DisconnectCallback
 .text.USBD_LL_OpenEP
                0x0800599c       0x24 ../../DaisyExamples/libDaisy//build\libdaisy.a(usbd_conf.o)
                0x0800599c                USBD_LL_OpenEP
 .text.USBD_LL_StallEP
                0x080059c0       0x1c ../../DaisyExamples/libDaisy//build\libdaisy.a(usbd_conf.o)
                0x080059c0                USBD_LL_StallEP
 .text.USBD_LL_ClearStallEP
                0x080059dc       0x1c ../../DaisyExamples/libDaisy//build\libdaisy.a(usbd_conf.o)
                0x080059dc                USBD_LL_ClearStallEP
 .text.USBD_LL_IsStallEP
                0x080059f8       0x28 ../../DaisyExamples/libDaisy//build\libdaisy.a(usbd_conf.o)
                0x080059f8                USBD_LL_IsStallEP
 .text.USBD_LL_SetUSBAddress
                0x08005a20       0x1c ../../DaisyExamples/libDaisy//build\libdaisy.a(usbd_conf.o)
                0x08005a20                USBD_LL_SetUSBAddress
 .text.USBD_LL_Transmit
                0x08005a3c       0x1c ../../DaisyExamples/libDaisy//build\libdaisy.a(usbd_conf.o)
                0x08005a3c                USBD_LL_Transmit
 .text.USBD_LL_PrepareReceive
                0x08005a58       0x1c ../../DaisyExamples/libDaisy//build\libdaisy.a(usbd_conf.o)
                0x08005a58                USBD_LL_PrepareReceive
 .text.HAL_HCD_SOF_Callback
                0x08005a74        0x8 ../../DaisyExamples/libDaisy//build\libdaisy.a(usbh_conf.o)
                0x08005a74                HAL_HCD_SOF_Callback
 .text.HAL_HCD_Connect_Callback
                0x08005a7c        0x8 ../../DaisyExamples/libDaisy//build\libdaisy.a(usbh_conf.o)
                0x08005a7c                HAL_HCD_Connect_Callback
 .text.HAL_HCD_Disconnect_Callback
                0x08005a84        0x8 ../../DaisyExamples/libDaisy//build\libdaisy.a(usbh_conf.o)
                0x08005a84                HAL_HCD_Disconnect_Callback
 .text.HAL_HCD_HC_NotifyURBChange_Callback
                0x08005a8c        0x4 ../../DaisyExamples/libDaisy//build\libdaisy.a(usbh_conf.o)
                0x08005a8c                HAL_HCD_HC_NotifyURBChange_Callback
 .text.HAL_HCD_PortEnabled_Callback
                0x08005a90        0x8 ../../DaisyExamples/libDaisy//build\libdaisy.a(usbh_conf.o)
                0x08005a90                HAL_HCD_PortEnabled_Callback
 .text.HAL_HCD_PortDisabled_Callback
                0x08005a98        0x8 ../../DaisyExamples/libDaisy//build\libdaisy.a(usbh_conf.o)
                0x08005a98                HAL_HCD_PortDisabled_Callback
 .text.USBH_LL_Stop
                0x08005aa0       0x1c ../../DaisyExamples/libDaisy//build\libdaisy.a(usbh_conf.o)
                0x08005aa0                USBH_LL_Stop
 .text._ZN5daisy5Color4InitENS0_11PresetColorE
                0x08005abc       0x20 ../../DaisyExamples/libDaisy//build\libdaisy.a(color.o)
                0x08005abc                daisy::Color::Init(daisy::Color::PresetColor)
 .text.dsy_hal_map_get_port
                0x08005adc       0x10 ../../DaisyExamples/libDaisy//build\libdaisy.a(hal_map.o)
                0x08005adc                dsy_hal_map_get_port
 .text.dsy_hal_map_get_pin
                0x08005aec       0x10 ../../DaisyExamples/libDaisy//build\libdaisy.a(hal_map.o)
                0x08005aec                dsy_hal_map_get_pin
 .text.dsy_hal_map_gpio_clk_enable
                0x08005afc      0x150 ../../DaisyExamples/libDaisy//build\libdaisy.a(hal_map.o)
                0x08005afc                dsy_hal_map_gpio_clk_enable
 .text.HAL_MspInit
                0x08005c4c        0x4 ../../DaisyExamples/libDaisy//build\libdaisy.a(stm32h7xx_hal.o)
                0x08005c4c                HAL_MspInit
 .text.HAL_InitTick
                0x08005c50       0x4c ../../DaisyExamples/libDaisy//build\libdaisy.a(stm32h7xx_hal.o)
                0x08005c50                HAL_InitTick
 .text.HAL_Init
                0x08005c9c       0x60 ../../DaisyExamples/libDaisy//build\libdaisy.a(stm32h7xx_hal.o)
                0x08005c9c                HAL_Init
 .text.HAL_IncTick
                0x08005cfc       0x18 ../../DaisyExamples/libDaisy//build\libdaisy.a(stm32h7xx_hal.o)
                0x08005cfc                HAL_IncTick
 .text.HAL_GetTick
                0x08005d14        0xc ../../DaisyExamples/libDaisy//build\libdaisy.a(stm32h7xx_hal.o)
                0x08005d14                HAL_GetTick
 .text.HAL_Delay
                0x08005d20       0x24 ../../DaisyExamples/libDaisy//build\libdaisy.a(stm32h7xx_hal.o)
                0x08005d20                HAL_Delay
 .text.HAL_GetREVID
                0x08005d44        0xc ../../DaisyExamples/libDaisy//build\libdaisy.a(stm32h7xx_hal.o)
                0x08005d44                HAL_GetREVID
 .text.HAL_ADC_ConvHalfCpltCallback
                0x08005d50        0x4 ../../DaisyExamples/libDaisy//build\libdaisy.a(stm32h7xx_hal_adc.o)
                0x08005d50                HAL_ADC_ConvHalfCpltCallback
 .text.ADC_DMAHalfConvCplt
                0x08005d54        0xc ../../DaisyExamples/libDaisy//build\libdaisy.a(stm32h7xx_hal_adc.o)
                0x08005d54                ADC_DMAHalfConvCplt
 .text.ADC_DMAConvCplt
                0x08005d60       0x6c ../../DaisyExamples/libDaisy//build\libdaisy.a(stm32h7xx_hal_adc.o)
                0x08005d60                ADC_DMAConvCplt
 .text.ADC_DMAError
                0x08005dcc       0x1c ../../DaisyExamples/libDaisy//build\libdaisy.a(stm32h7xx_hal_adc.o)
                0x08005dcc                ADC_DMAError
 .text.HAL_ADC_ConfigChannel
                0x08005de8      0x3fc ../../DaisyExamples/libDaisy//build\libdaisy.a(stm32h7xx_hal_adc.o)
                0x08005de8                HAL_ADC_ConfigChannel
 .text.ADC_Enable
                0x080061e4       0xac ../../DaisyExamples/libDaisy//build\libdaisy.a(stm32h7xx_hal_adc.o)
                0x080061e4                ADC_Enable
 .text.HAL_ADC_Start_DMA
                0x08006290      0x114 ../../DaisyExamples/libDaisy//build\libdaisy.a(stm32h7xx_hal_adc.o)
                0x08006290                HAL_ADC_Start_DMA
 .text.ADC_Disable
                0x080063a4       0x68 ../../DaisyExamples/libDaisy//build\libdaisy.a(stm32h7xx_hal_adc.o)
                0x080063a4                ADC_Disable
 .text.ADC_ConfigureBoostMode
                0x0800640c      0x184 ../../DaisyExamples/libDaisy//build\libdaisy.a(stm32h7xx_hal_adc.o)
                0x0800640c                ADC_ConfigureBoostMode
 .text.HAL_ADC_Init
                0x08006590      0x218 ../../DaisyExamples/libDaisy//build\libdaisy.a(stm32h7xx_hal_adc.o)
                0x08006590                HAL_ADC_Init
 .text.HAL_ADCEx_Calibration_Start
                0x080067a8       0xa4 ../../DaisyExamples/libDaisy//build\libdaisy.a(stm32h7xx_hal_adc_ex.o)
                0x080067a8                HAL_ADCEx_Calibration_Start
 .text.HAL_ADCEx_MultiModeConfigChannel
                0x0800684c       0xc4 ../../DaisyExamples/libDaisy//build\libdaisy.a(stm32h7xx_hal_adc_ex.o)
                0x0800684c                HAL_ADCEx_MultiModeConfigChannel
 .text.HAL_NVIC_SetPriorityGrouping
                0x08006910       0x24 ../../DaisyExamples/libDaisy//build\libdaisy.a(stm32h7xx_hal_cortex.o)
                0x08006910                HAL_NVIC_SetPriorityGrouping
 .text.HAL_NVIC_SetPriority
                0x08006934       0x7c ../../DaisyExamples/libDaisy//build\libdaisy.a(stm32h7xx_hal_cortex.o)
                0x08006934                HAL_NVIC_SetPriority
 .text.HAL_NVIC_EnableIRQ
                0x080069b0       0x1c ../../DaisyExamples/libDaisy//build\libdaisy.a(stm32h7xx_hal_cortex.o)
                0x080069b0                HAL_NVIC_EnableIRQ
 .text.HAL_NVIC_DisableIRQ
                0x080069cc       0x28 ../../DaisyExamples/libDaisy//build\libdaisy.a(stm32h7xx_hal_cortex.o)
                0x080069cc                HAL_NVIC_DisableIRQ
 .text.HAL_SYSTICK_Config
                0x080069f4       0x2c ../../DaisyExamples/libDaisy//build\libdaisy.a(stm32h7xx_hal_cortex.o)
                0x080069f4                HAL_SYSTICK_Config
 .text.HAL_MPU_Disable
                0x08006a20       0x1c ../../DaisyExamples/libDaisy//build\libdaisy.a(stm32h7xx_hal_cortex.o)
                0x08006a20                HAL_MPU_Disable
 .text.HAL_MPU_Enable
                0x08006a3c       0x20 ../../DaisyExamples/libDaisy//build\libdaisy.a(stm32h7xx_hal_cortex.o)
                0x08006a3c                HAL_MPU_Enable
 .text.HAL_MPU_ConfigRegion
                0x08006a5c       0x64 ../../DaisyExamples/libDaisy//build\libdaisy.a(stm32h7xx_hal_cortex.o)
                0x08006a5c                HAL_MPU_ConfigRegion
 .text.HAL_SYSTICK_Callback
                0x08006ac0        0x4 ../../DaisyExamples/libDaisy//build\libdaisy.a(stm32h7xx_hal_cortex.o)
                0x08006ac0                HAL_SYSTICK_Callback
 .text.HAL_SYSTICK_IRQHandler
                0x08006ac4        0x8 ../../DaisyExamples/libDaisy//build\libdaisy.a(stm32h7xx_hal_cortex.o)
                0x08006ac4                HAL_SYSTICK_IRQHandler
 .text.DMA_CalcBaseAndBitshift
                0x08006acc       0xf4 ../../DaisyExamples/libDaisy//build\libdaisy.a(stm32h7xx_hal_dma.o)
 .text.DMA_CalcDMAMUXChannelBaseAndMask
                0x08006bc0       0xd8 ../../DaisyExamples/libDaisy//build\libdaisy.a(stm32h7xx_hal_dma.o)
 .text.HAL_DMA_Init
                0x08006c98      0x37c ../../DaisyExamples/libDaisy//build\libdaisy.a(stm32h7xx_hal_dma.o)
                0x08006c98                HAL_DMA_Init
 .text.HAL_DMA_Start_IT
                0x08007014      0x240 ../../DaisyExamples/libDaisy//build\libdaisy.a(stm32h7xx_hal_dma.o)
                0x08007014                HAL_DMA_Start_IT
 .text.HAL_DMA_Abort_IT
                0x08007254      0x134 ../../DaisyExamples/libDaisy//build\libdaisy.a(stm32h7xx_hal_dma.o)
                0x08007254                HAL_DMA_Abort_IT
 .text.HAL_DMA_IRQHandler
                0x08007388      0x6a0 ../../DaisyExamples/libDaisy//build\libdaisy.a(stm32h7xx_hal_dma.o)
                0x08007388                HAL_DMA_IRQHandler
 .text.HAL_DMA_GetError
                0x08007a28        0x4 ../../DaisyExamples/libDaisy//build\libdaisy.a(stm32h7xx_hal_dma.o)
                0x08007a28                HAL_DMA_GetError
 .text.HAL_GPIO_Init
                0x08007a2c      0x280 ../../DaisyExamples/libDaisy//build\libdaisy.a(stm32h7xx_hal_gpio.o)
                0x08007a2c                HAL_GPIO_Init
 .text.HAL_GPIO_DeInit
                0x08007cac      0x190 ../../DaisyExamples/libDaisy//build\libdaisy.a(stm32h7xx_hal_gpio.o)
                0x08007cac                HAL_GPIO_DeInit
 .text.HAL_GPIO_ReadPin
                0x08007e3c        0xc ../../DaisyExamples/libDaisy//build\libdaisy.a(stm32h7xx_hal_gpio.o)
                0x08007e3c                HAL_GPIO_ReadPin
 .text.HAL_GPIO_WritePin
                0x08007e48        0x8 ../../DaisyExamples/libDaisy//build\libdaisy.a(stm32h7xx_hal_gpio.o)
                0x08007e48                HAL_GPIO_WritePin
 .text.HAL_HCD_IRQHandler
                0x08007e50      0x780 ../../DaisyExamples/libDaisy//build\libdaisy.a(stm32h7xx_hal_hcd.o)
                0x08007e50                HAL_HCD_IRQHandler
 .text.HAL_HCD_Stop
                0x080085d0       0x28 ../../DaisyExamples/libDaisy//build\libdaisy.a(stm32h7xx_hal_hcd.o)
                0x080085d0                HAL_HCD_Stop
 .text.I2C_WaitOnTXISFlagUntilTimeout
                0x080085f8       0xb8 ../../DaisyExamples/libDaisy//build\libdaisy.a(stm32h7xx_hal_i2c.o)
 .text.I2C_WaitOnSTOPFlagUntilTimeout
                0x080086b0       0xac ../../DaisyExamples/libDaisy//build\libdaisy.a(stm32h7xx_hal_i2c.o)
 .text.HAL_I2C_Init
                0x0800875c       0xac ../../DaisyExamples/libDaisy//build\libdaisy.a(stm32h7xx_hal_i2c.o)
                0x0800875c                HAL_I2C_Init
 .text.HAL_I2C_Master_Transmit
                0x08008808      0x1a8 ../../DaisyExamples/libDaisy//build\libdaisy.a(stm32h7xx_hal_i2c.o)
                0x08008808                HAL_I2C_Master_Transmit
 .text.HAL_I2C_Slave_Transmit
                0x080089b0      0x1c8 ../../DaisyExamples/libDaisy//build\libdaisy.a(stm32h7xx_hal_i2c.o)
                0x080089b0                HAL_I2C_Slave_Transmit
 .text.HAL_I2C_EV_IRQHandler
                0x08008b78       0x10 ../../DaisyExamples/libDaisy//build\libdaisy.a(stm32h7xx_hal_i2c.o)
                0x08008b78                HAL_I2C_EV_IRQHandler
 .text.HAL_I2C_GetState
                0x08008b88        0x8 ../../DaisyExamples/libDaisy//build\libdaisy.a(stm32h7xx_hal_i2c.o)
                0x08008b88                HAL_I2C_GetState
 .text.HAL_I2CEx_ConfigAnalogFilter
                0x08008b90       0x54 ../../DaisyExamples/libDaisy//build\libdaisy.a(stm32h7xx_hal_i2c_ex.o)
                0x08008b90                HAL_I2CEx_ConfigAnalogFilter
 .text.HAL_I2CEx_ConfigDigitalFilter
                0x08008be4       0x58 ../../DaisyExamples/libDaisy//build\libdaisy.a(stm32h7xx_hal_i2c_ex.o)
                0x08008be4                HAL_I2CEx_ConfigDigitalFilter
 .text.HAL_PCD_IRQHandler
                0x08008c3c      0x69c ../../DaisyExamples/libDaisy//build\libdaisy.a(stm32h7xx_hal_pcd.o)
                0x08008c3c                HAL_PCD_IRQHandler
 .text.HAL_PCD_SetAddress
                0x080092d8       0x2c ../../DaisyExamples/libDaisy//build\libdaisy.a(stm32h7xx_hal_pcd.o)
                0x080092d8                HAL_PCD_SetAddress
 .text.HAL_PCD_EP_Open
                0x08009304       0x7c ../../DaisyExamples/libDaisy//build\libdaisy.a(stm32h7xx_hal_pcd.o)
                0x08009304                HAL_PCD_EP_Open
 .text.HAL_PCD_EP_Receive
                0x08009380       0x50 ../../DaisyExamples/libDaisy//build\libdaisy.a(stm32h7xx_hal_pcd.o)
                0x08009380                HAL_PCD_EP_Receive
 .text.HAL_PCD_EP_Transmit
                0x080093d0       0x50 ../../DaisyExamples/libDaisy//build\libdaisy.a(stm32h7xx_hal_pcd.o)
                0x080093d0                HAL_PCD_EP_Transmit
 .text.HAL_PCD_EP_SetStall
                0x08009420       0x88 ../../DaisyExamples/libDaisy//build\libdaisy.a(stm32h7xx_hal_pcd.o)
                0x08009420                HAL_PCD_EP_SetStall
 .text.HAL_PCD_EP_ClrStall
                0x080094a8       0x78 ../../DaisyExamples/libDaisy//build\libdaisy.a(stm32h7xx_hal_pcd.o)
                0x080094a8                HAL_PCD_EP_ClrStall
 .text.HAL_PCDEx_LPM_Callback
                0x08009520        0x4 ../../DaisyExamples/libDaisy//build\libdaisy.a(stm32h7xx_hal_pcd_ex.o)
                0x08009520                HAL_PCDEx_LPM_Callback
 .text.HAL_PWREx_ConfigSupply
                0x08009524       0x4c ../../DaisyExamples/libDaisy//build\libdaisy.a(stm32h7xx_hal_pwr_ex.o)
                0x08009524                HAL_PWREx_ConfigSupply
 .text.HAL_PWREx_EnableUSBVoltageDetector
                0x08009570       0x10 ../../DaisyExamples/libDaisy//build\libdaisy.a(stm32h7xx_hal_pwr_ex.o)
                0x08009570                HAL_PWREx_EnableUSBVoltageDetector
 .text.QSPI_Config
                0x08009580      0x174 ../../DaisyExamples/libDaisy//build\libdaisy.a(stm32h7xx_hal_qspi.o)
 .text.HAL_QSPI_Init
                0x080096f4       0xd8 ../../DaisyExamples/libDaisy//build\libdaisy.a(stm32h7xx_hal_qspi.o)
                0x080096f4                HAL_QSPI_Init
 .text.HAL_QSPI_DeInit
                0x080097cc       0x3c ../../DaisyExamples/libDaisy//build\libdaisy.a(stm32h7xx_hal_qspi.o)
                0x080097cc                HAL_QSPI_DeInit
 .text.HAL_QSPI_Command
                0x08009808       0xd4 ../../DaisyExamples/libDaisy//build\libdaisy.a(stm32h7xx_hal_qspi.o)
                0x08009808                HAL_QSPI_Command
 .text.HAL_QSPI_Transmit
                0x080098dc       0xfc ../../DaisyExamples/libDaisy//build\libdaisy.a(stm32h7xx_hal_qspi.o)
                0x080098dc                HAL_QSPI_Transmit
 .text.HAL_QSPI_Receive
                0x080099d8      0x108 ../../DaisyExamples/libDaisy//build\libdaisy.a(stm32h7xx_hal_qspi.o)
                0x080099d8                HAL_QSPI_Receive
 .text.HAL_QSPI_AutoPolling
                0x08009ae0       0xf0 ../../DaisyExamples/libDaisy//build\libdaisy.a(stm32h7xx_hal_qspi.o)
                0x08009ae0                HAL_QSPI_AutoPolling
 .text.HAL_QSPI_MemoryMapped
                0x08009bd0       0xc0 ../../DaisyExamples/libDaisy//build\libdaisy.a(stm32h7xx_hal_qspi.o)
                0x08009bd0                HAL_QSPI_MemoryMapped
 .text.HAL_QSPI_ErrorCallback
                0x08009c90        0x4 ../../DaisyExamples/libDaisy//build\libdaisy.a(stm32h7xx_hal_qspi.o)
                0x08009c90                HAL_QSPI_ErrorCallback
 .text.QSPI_DMAAbortCplt
                0x08009c94       0x38 ../../DaisyExamples/libDaisy//build\libdaisy.a(stm32h7xx_hal_qspi.o)
 .text.HAL_QSPI_AbortCpltCallback
                0x08009ccc        0x4 ../../DaisyExamples/libDaisy//build\libdaisy.a(stm32h7xx_hal_qspi.o)
                0x08009ccc                HAL_QSPI_AbortCpltCallback
 .text.HAL_QSPI_CmdCpltCallback
                0x08009cd0        0x4 ../../DaisyExamples/libDaisy//build\libdaisy.a(stm32h7xx_hal_qspi.o)
                0x08009cd0                HAL_QSPI_CmdCpltCallback
 .text.HAL_QSPI_RxCpltCallback
                0x08009cd4        0x4 ../../DaisyExamples/libDaisy//build\libdaisy.a(stm32h7xx_hal_qspi.o)
                0x08009cd4                HAL_QSPI_RxCpltCallback
 .text.HAL_QSPI_TxCpltCallback
                0x08009cd8        0x4 ../../DaisyExamples/libDaisy//build\libdaisy.a(stm32h7xx_hal_qspi.o)
                0x08009cd8                HAL_QSPI_TxCpltCallback
 .text.HAL_QSPI_FifoThresholdCallback
                0x08009cdc        0x4 ../../DaisyExamples/libDaisy//build\libdaisy.a(stm32h7xx_hal_qspi.o)
                0x08009cdc                HAL_QSPI_FifoThresholdCallback
 .text.HAL_QSPI_StatusMatchCallback
                0x08009ce0        0x4 ../../DaisyExamples/libDaisy//build\libdaisy.a(stm32h7xx_hal_qspi.o)
                0x08009ce0                HAL_QSPI_StatusMatchCallback
 .text.HAL_QSPI_TimeOutCallback
                0x08009ce4        0x4 ../../DaisyExamples/libDaisy//build\libdaisy.a(stm32h7xx_hal_qspi.o)
                0x08009ce4                HAL_QSPI_TimeOutCallback
 .text.HAL_QSPI_IRQHandler
                0x08009ce8      0x210 ../../DaisyExamples/libDaisy//build\libdaisy.a(stm32h7xx_hal_qspi.o)
                0x08009ce8                HAL_QSPI_IRQHandler
 .text.HAL_RCC_OscConfig
                0x08009ef8      0x51c ../../DaisyExamples/libDaisy//build\libdaisy.a(stm32h7xx_hal_rcc.o)
                0x08009ef8                HAL_RCC_OscConfig
 .text.HAL_RCC_GetSysClockFreq
                0x0800a414      0x140 ../../DaisyExamples/libDaisy//build\libdaisy.a(stm32h7xx_hal_rcc.o)
                0x0800a414                HAL_RCC_GetSysClockFreq
 .text.HAL_RCC_ClockConfig
                0x0800a554      0x234 ../../DaisyExamples/libDaisy//build\libdaisy.a(stm32h7xx_hal_rcc.o)
                0x0800a554                HAL_RCC_ClockConfig
 .text.HAL_RCC_GetHCLKFreq
                0x0800a788       0x2c ../../DaisyExamples/libDaisy//build\libdaisy.a(stm32h7xx_hal_rcc.o)
                0x0800a788                HAL_RCC_GetHCLKFreq
 .text.HAL_RCC_GetPCLK1Freq
                0x0800a7b4       0x38 ../../DaisyExamples/libDaisy//build\libdaisy.a(stm32h7xx_hal_rcc.o)
                0x0800a7b4                HAL_RCC_GetPCLK1Freq
 .text.HAL_RCC_GetPCLK2Freq
                0x0800a7ec       0x38 ../../DaisyExamples/libDaisy//build\libdaisy.a(stm32h7xx_hal_rcc.o)
                0x0800a7ec                HAL_RCC_GetPCLK2Freq
 .text.RCCEx_PLL2_Config
                0x0800a824       0xf4 ../../DaisyExamples/libDaisy//build\libdaisy.a(stm32h7xx_hal_rcc_ex.o)
 .text.RCCEx_PLL3_Config
                0x0800a918       0xf4 ../../DaisyExamples/libDaisy//build\libdaisy.a(stm32h7xx_hal_rcc_ex.o)
 .text.HAL_RCCEx_PeriphCLKConfig
                0x0800aa0c      0xa7c ../../DaisyExamples/libDaisy//build\libdaisy.a(stm32h7xx_hal_rcc_ex.o)
                0x0800aa0c                HAL_RCCEx_PeriphCLKConfig
 .text.HAL_RCCEx_GetD3PCLK1Freq
                0x0800b488       0x24 ../../DaisyExamples/libDaisy//build\libdaisy.a(stm32h7xx_hal_rcc_ex.o)
                0x0800b488                HAL_RCCEx_GetD3PCLK1Freq
 .text.HAL_RCCEx_GetPLL2ClockFreq
                0x0800b4ac      0x17c ../../DaisyExamples/libDaisy//build\libdaisy.a(stm32h7xx_hal_rcc_ex.o)
                0x0800b4ac                HAL_RCCEx_GetPLL2ClockFreq
 .text.HAL_RCCEx_GetPLL3ClockFreq
                0x0800b628      0x17c ../../DaisyExamples/libDaisy//build\libdaisy.a(stm32h7xx_hal_rcc_ex.o)
                0x0800b628                HAL_RCCEx_GetPLL3ClockFreq
 .text.HAL_RCCEx_GetPLL1ClockFreq
                0x0800b7a4      0x17c ../../DaisyExamples/libDaisy//build\libdaisy.a(stm32h7xx_hal_rcc_ex.o)
                0x0800b7a4                HAL_RCCEx_GetPLL1ClockFreq
 .text.HAL_RCCEx_GetPeriphCLKFreq
                0x0800b920      0x198 ../../DaisyExamples/libDaisy//build\libdaisy.a(stm32h7xx_hal_rcc_ex.o)
                0x0800b920                HAL_RCCEx_GetPeriphCLKFreq
 .text.HAL_RCCEx_GetD1SysClockFreq
                0x0800bab8       0x2c ../../DaisyExamples/libDaisy//build\libdaisy.a(stm32h7xx_hal_rcc_ex.o)
                0x0800bab8                HAL_RCCEx_GetD1SysClockFreq
 .text.HAL_SAI_Init.part.0
                0x0800bae4      0x348 ../../DaisyExamples/libDaisy//build\libdaisy.a(stm32h7xx_hal_sai.o)
 .text.HAL_SAI_InitProtocol
                0x0800be2c      0x178 ../../DaisyExamples/libDaisy//build\libdaisy.a(stm32h7xx_hal_sai.o)
                0x0800be2c                HAL_SAI_InitProtocol
 .text.HAL_SAI_Transmit_DMA
                0x0800bfa4      0x124 ../../DaisyExamples/libDaisy//build\libdaisy.a(stm32h7xx_hal_sai.o)
                0x0800bfa4                HAL_SAI_Transmit_DMA
 .text.HAL_SAI_Receive_DMA
                0x0800c0c8       0xd0 ../../DaisyExamples/libDaisy//build\libdaisy.a(stm32h7xx_hal_sai.o)
                0x0800c0c8                HAL_SAI_Receive_DMA
 .text.HAL_SAI_TxCpltCallback
                0x0800c198        0x4 ../../DaisyExamples/libDaisy//build\libdaisy.a(stm32h7xx_hal_sai.o)
                0x0800c198                HAL_SAI_TxCpltCallback
 .text.SAI_DMATxCplt
                0x0800c19c       0x64 ../../DaisyExamples/libDaisy//build\libdaisy.a(stm32h7xx_hal_sai.o)
 .text.HAL_SAI_TxHalfCpltCallback
                0x0800c200        0x4 ../../DaisyExamples/libDaisy//build\libdaisy.a(stm32h7xx_hal_sai.o)
                0x0800c200                HAL_SAI_TxHalfCpltCallback
 .text.SAI_DMATxHalfCplt
                0x0800c204        0xc ../../DaisyExamples/libDaisy//build\libdaisy.a(stm32h7xx_hal_sai.o)
 .text.SAI_DMARxCplt
                0x0800c210       0x64 ../../DaisyExamples/libDaisy//build\libdaisy.a(stm32h7xx_hal_sai.o)
 .text.SAI_DMARxHalfCplt
                0x0800c274        0xc ../../DaisyExamples/libDaisy//build\libdaisy.a(stm32h7xx_hal_sai.o)
 .text.HAL_SAI_ErrorCallback
                0x0800c280        0x4 ../../DaisyExamples/libDaisy//build\libdaisy.a(stm32h7xx_hal_sai.o)
                0x0800c280                HAL_SAI_ErrorCallback
 .text.SAI_DMAError
                0x0800c284       0x6c ../../DaisyExamples/libDaisy//build\libdaisy.a(stm32h7xx_hal_sai.o)
 .text.HAL_SDRAM_Init
                0x0800c2f0       0x54 ../../DaisyExamples/libDaisy//build\libdaisy.a(stm32h7xx_hal_sdram.o)
                0x0800c2f0                HAL_SDRAM_Init
 .text.HAL_SDRAM_SendCommand
                0x0800c344       0x40 ../../DaisyExamples/libDaisy//build\libdaisy.a(stm32h7xx_hal_sdram.o)
                0x0800c344                HAL_SDRAM_SendCommand
 .text.HAL_SDRAM_ProgramRefreshRate
                0x0800c384       0x30 ../../DaisyExamples/libDaisy//build\libdaisy.a(stm32h7xx_hal_sdram.o)
                0x0800c384                HAL_SDRAM_ProgramRefreshRate
 .text.HAL_UART_Transmit_DMA
                0x0800c3b4       0xa4 ../../DaisyExamples/libDaisy//build\libdaisy.a(stm32h7xx_hal_uart.o)
                0x0800c3b4                HAL_UART_Transmit_DMA
 .text.HAL_UART_Receive_DMA
                0x0800c458       0xac ../../DaisyExamples/libDaisy//build\libdaisy.a(stm32h7xx_hal_uart.o)
                0x0800c458                HAL_UART_Receive_DMA
 .text.UART_DMATransmitCplt
                0x0800c504       0x2c ../../DaisyExamples/libDaisy//build\libdaisy.a(stm32h7xx_hal_uart.o)
 .text.HAL_UART_TxHalfCpltCallback
                0x0800c530        0x4 ../../DaisyExamples/libDaisy//build\libdaisy.a(stm32h7xx_hal_uart.o)
                0x0800c530                HAL_UART_TxHalfCpltCallback
 .text.UART_DMATxHalfCplt
                0x0800c534        0xc ../../DaisyExamples/libDaisy//build\libdaisy.a(stm32h7xx_hal_uart.o)
 .text.UART_DMAReceiveCplt
                0x0800c540       0x38 ../../DaisyExamples/libDaisy//build\libdaisy.a(stm32h7xx_hal_uart.o)
 .text.HAL_UART_RxHalfCpltCallback
                0x0800c578        0x4 ../../DaisyExamples/libDaisy//build\libdaisy.a(stm32h7xx_hal_uart.o)
                0x0800c578                HAL_UART_RxHalfCpltCallback
 .text.UART_DMARxHalfCplt
                0x0800c57c        0xc ../../DaisyExamples/libDaisy//build\libdaisy.a(stm32h7xx_hal_uart.o)
 .text.UART_DMAError
                0x0800c588       0x78 ../../DaisyExamples/libDaisy//build\libdaisy.a(stm32h7xx_hal_uart.o)
 .text.HAL_UART_IRQHandler
                0x0800c600      0x1d0 ../../DaisyExamples/libDaisy//build\libdaisy.a(stm32h7xx_hal_uart.o)
                0x0800c600                HAL_UART_IRQHandler
 .text.UART_DMAAbortOnError
                0x0800c7d0       0x14 ../../DaisyExamples/libDaisy//build\libdaisy.a(stm32h7xx_hal_uart.o)
 .text.HAL_UART_GetState
                0x0800c7e4        0xc ../../DaisyExamples/libDaisy//build\libdaisy.a(stm32h7xx_hal_uart.o)
                0x0800c7e4                HAL_UART_GetState
 .text.UART_SetConfig
                0x0800c7f0     0x14b8 ../../DaisyExamples/libDaisy//build\libdaisy.a(stm32h7xx_hal_uart.o)
                0x0800c7f0                UART_SetConfig
 .text.UART_AdvFeatureConfig
                0x0800dca8       0xb0 ../../DaisyExamples/libDaisy//build\libdaisy.a(stm32h7xx_hal_uart.o)
                0x0800dca8                UART_AdvFeatureConfig
 .text.UART_CheckIdleState
                0x0800dd58       0x84 ../../DaisyExamples/libDaisy//build\libdaisy.a(stm32h7xx_hal_uart.o)
                0x0800dd58                UART_CheckIdleState
 .text.HAL_UART_Init
                0x0800dddc       0x68 ../../DaisyExamples/libDaisy//build\libdaisy.a(stm32h7xx_hal_uart.o)
                0x0800dddc                HAL_UART_Init
 .text.HAL_UARTEx_WakeupCallback
                0x0800de44        0x4 ../../DaisyExamples/libDaisy//build\libdaisy.a(stm32h7xx_hal_uart_ex.o)
                0x0800de44                HAL_UARTEx_WakeupCallback
 .text.HAL_UARTEx_RxFifoFullCallback
                0x0800de48        0x4 ../../DaisyExamples/libDaisy//build\libdaisy.a(stm32h7xx_hal_uart_ex.o)
                0x0800de48                HAL_UARTEx_RxFifoFullCallback
 .text.HAL_UARTEx_TxFifoEmptyCallback
                0x0800de4c        0x4 ../../DaisyExamples/libDaisy//build\libdaisy.a(stm32h7xx_hal_uart_ex.o)
                0x0800de4c                HAL_UARTEx_TxFifoEmptyCallback
 .text.HAL_UARTEx_DisableFifoMode
                0x0800de50       0x3c ../../DaisyExamples/libDaisy//build\libdaisy.a(stm32h7xx_hal_uart_ex.o)
                0x0800de50                HAL_UARTEx_DisableFifoMode
 .text.HAL_UARTEx_SetTxFifoThreshold
                0x0800de8c       0x9c ../../DaisyExamples/libDaisy//build\libdaisy.a(stm32h7xx_hal_uart_ex.o)
                0x0800de8c                HAL_UARTEx_SetTxFifoThreshold
 .text.HAL_UARTEx_SetRxFifoThreshold
                0x0800df28       0x9c ../../DaisyExamples/libDaisy//build\libdaisy.a(stm32h7xx_hal_uart_ex.o)
                0x0800df28                HAL_UARTEx_SetRxFifoThreshold
 .text.FMC_SDRAM_Init
                0x0800dfc4       0x7c ../../DaisyExamples/libDaisy//build\libdaisy.a(stm32h7xx_ll_fmc.o)
                0x0800dfc4                FMC_SDRAM_Init
 .text.FMC_SDRAM_Timing_Init
                0x0800e040       0x98 ../../DaisyExamples/libDaisy//build\libdaisy.a(stm32h7xx_ll_fmc.o)
                0x0800e040                FMC_SDRAM_Timing_Init
 .text.FMC_SDRAM_SendCommand
                0x0800e0d8       0x28 ../../DaisyExamples/libDaisy//build\libdaisy.a(stm32h7xx_ll_fmc.o)
                0x0800e0d8                FMC_SDRAM_SendCommand
 .text.FMC_SDRAM_ProgramRefreshRate
                0x0800e100       0x1c ../../DaisyExamples/libDaisy//build\libdaisy.a(stm32h7xx_ll_fmc.o)
                0x0800e100                FMC_SDRAM_ProgramRefreshRate
 .text.USB_SetTurnaroundTime
                0x0800e11c      0x104 ../../DaisyExamples/libDaisy//build\libdaisy.a(stm32h7xx_ll_usb.o)
                0x0800e11c                USB_SetTurnaroundTime
 .text.USB_FlushTxFifo
                0x0800e220       0x34 ../../DaisyExamples/libDaisy//build\libdaisy.a(stm32h7xx_ll_usb.o)
                0x0800e220                USB_FlushTxFifo
 .text.USB_GetDevSpeed
                0x0800e254       0x24 ../../DaisyExamples/libDaisy//build\libdaisy.a(stm32h7xx_ll_usb.o)
                0x0800e254                USB_GetDevSpeed
 .text.USB_ActivateEndpoint
                0x0800e278       0x90 ../../DaisyExamples/libDaisy//build\libdaisy.a(stm32h7xx_ll_usb.o)
                0x0800e278                USB_ActivateEndpoint
 .text.USB_EPStartXfer
                0x0800e308      0x230 ../../DaisyExamples/libDaisy//build\libdaisy.a(stm32h7xx_ll_usb.o)
                0x0800e308                USB_EPStartXfer
 .text.USB_EP0StartXfer
                0x0800e538      0x174 ../../DaisyExamples/libDaisy//build\libdaisy.a(stm32h7xx_ll_usb.o)
                0x0800e538                USB_EP0StartXfer
 .text.USB_WritePacket
                0x0800e6ac       0x2c ../../DaisyExamples/libDaisy//build\libdaisy.a(stm32h7xx_ll_usb.o)
                0x0800e6ac                USB_WritePacket
 .text.USB_ReadPacket
                0x0800e6d8       0x20 ../../DaisyExamples/libDaisy//build\libdaisy.a(stm32h7xx_ll_usb.o)
                0x0800e6d8                USB_ReadPacket
 .text.USB_EPSetStall
                0x0800e6f8       0x68 ../../DaisyExamples/libDaisy//build\libdaisy.a(stm32h7xx_ll_usb.o)
                0x0800e6f8                USB_EPSetStall
 .text.USB_EPClearStall
                0x0800e760       0x58 ../../DaisyExamples/libDaisy//build\libdaisy.a(stm32h7xx_ll_usb.o)
                0x0800e760                USB_EPClearStall
 .text.USB_SetDevAddress
                0x0800e7b8       0x24 ../../DaisyExamples/libDaisy//build\libdaisy.a(stm32h7xx_ll_usb.o)
                0x0800e7b8                USB_SetDevAddress
 .text.USB_ReadInterrupts
                0x0800e7dc       0x14 ../../DaisyExamples/libDaisy//build\libdaisy.a(stm32h7xx_ll_usb.o)
                0x0800e7dc                USB_ReadInterrupts
 .text.USB_ReadDevAllOutEpInterrupt
                0x0800e7f0       0x1c ../../DaisyExamples/libDaisy//build\libdaisy.a(stm32h7xx_ll_usb.o)
                0x0800e7f0                USB_ReadDevAllOutEpInterrupt
 .text.USB_ReadDevAllInEpInterrupt
                0x0800e80c       0x1c ../../DaisyExamples/libDaisy//build\libdaisy.a(stm32h7xx_ll_usb.o)
                0x0800e80c                USB_ReadDevAllInEpInterrupt
 .text.USB_ReadDevOutEPInterrupt
                0x0800e828       0x1c ../../DaisyExamples/libDaisy//build\libdaisy.a(stm32h7xx_ll_usb.o)
                0x0800e828                USB_ReadDevOutEPInterrupt
 .text.USB_ReadDevInEPInterrupt
                0x0800e844       0x38 ../../DaisyExamples/libDaisy//build\libdaisy.a(stm32h7xx_ll_usb.o)
                0x0800e844                USB_ReadDevInEPInterrupt
 .text.USB_GetMode
                0x0800e87c        0x8 ../../DaisyExamples/libDaisy//build\libdaisy.a(stm32h7xx_ll_usb.o)
                0x0800e87c                USB_GetMode
 .text.USB_ActivateSetup
                0x0800e884       0x38 ../../DaisyExamples/libDaisy//build\libdaisy.a(stm32h7xx_ll_usb.o)
                0x0800e884                USB_ActivateSetup
 .text.USB_EP0_OutStart
                0x0800e8bc       0x58 ../../DaisyExamples/libDaisy//build\libdaisy.a(stm32h7xx_ll_usb.o)
                0x0800e8bc                USB_EP0_OutStart
 .text.USB_InitFSLSPClkSel
                0x0800e914       0x44 ../../DaisyExamples/libDaisy//build\libdaisy.a(stm32h7xx_ll_usb.o)
                0x0800e914                USB_InitFSLSPClkSel
 .text.USB_HC_ReadInterrupt
                0x0800e958        0x8 ../../DaisyExamples/libDaisy//build\libdaisy.a(stm32h7xx_ll_usb.o)
                0x0800e958                USB_HC_ReadInterrupt
 .text.USB_HC_Halt
                0x0800e960       0xc0 ../../DaisyExamples/libDaisy//build\libdaisy.a(stm32h7xx_ll_usb.o)
                0x0800e960                USB_HC_Halt
 .text.USB_StopHost
                0x0800ea20      0x2ec ../../DaisyExamples/libDaisy//build\libdaisy.a(stm32h7xx_ll_usb.o)
                0x0800ea20                USB_StopHost
 .text.USBD_SetClassConfig
                0x0800ed0c       0x14 ../../DaisyExamples/libDaisy//build\libdaisy.a(usbd_core.o)
                0x0800ed0c                USBD_SetClassConfig
 .text.USBD_ClrClassConfig
                0x0800ed20       0x10 ../../DaisyExamples/libDaisy//build\libdaisy.a(usbd_core.o)
                0x0800ed20                USBD_ClrClassConfig
 .text.USBD_LL_SetupStage
                0x0800ed30       0x5c ../../DaisyExamples/libDaisy//build\libdaisy.a(usbd_core.o)
                0x0800ed30                USBD_LL_SetupStage
 .text.USBD_LL_DataOutStage
                0x0800ed8c       0x7c ../../DaisyExamples/libDaisy//build\libdaisy.a(usbd_core.o)
                0x0800ed8c                USBD_LL_DataOutStage
 .text.USBD_LL_DataInStage
                0x0800ee08       0xcc ../../DaisyExamples/libDaisy//build\libdaisy.a(usbd_core.o)
                0x0800ee08                USBD_LL_DataInStage
 .text.USBD_LL_Reset
                0x0800eed4       0x50 ../../DaisyExamples/libDaisy//build\libdaisy.a(usbd_core.o)
                0x0800eed4                USBD_LL_Reset
 .text.USBD_LL_SetSpeed
                0x0800ef24        0x8 ../../DaisyExamples/libDaisy//build\libdaisy.a(usbd_core.o)
                0x0800ef24                USBD_LL_SetSpeed
 .text.USBD_LL_Suspend
                0x0800ef2c       0x14 ../../DaisyExamples/libDaisy//build\libdaisy.a(usbd_core.o)
                0x0800ef2c                USBD_LL_Suspend
 .text.USBD_LL_Resume
                0x0800ef40       0x10 ../../DaisyExamples/libDaisy//build\libdaisy.a(usbd_core.o)
                0x0800ef40                USBD_LL_Resume
 .text.USBD_LL_SOF
                0x0800ef50       0x1c ../../DaisyExamples/libDaisy//build\libdaisy.a(usbd_core.o)
                0x0800ef50                USBD_LL_SOF
 .text.USBD_LL_IsoINIncomplete
                0x0800ef6c        0x4 ../../DaisyExamples/libDaisy//build\libdaisy.a(usbd_core.o)
                0x0800ef6c                USBD_LL_IsoINIncomplete
 .text.USBD_LL_IsoOUTIncomplete
                0x0800ef70        0x4 ../../DaisyExamples/libDaisy//build\libdaisy.a(usbd_core.o)
                0x0800ef70                USBD_LL_IsoOUTIncomplete
 .text.USBD_LL_DevConnected
                0x0800ef74        0x4 ../../DaisyExamples/libDaisy//build\libdaisy.a(usbd_core.o)
                0x0800ef74                USBD_LL_DevConnected
 .text.USBD_LL_DevDisconnected
                0x0800ef78       0x18 ../../DaisyExamples/libDaisy//build\libdaisy.a(usbd_core.o)
                0x0800ef78                USBD_LL_DevDisconnected
 .text.USBD_StdDevReq
                0x0800ef90      0x304 ../../DaisyExamples/libDaisy//build\libdaisy.a(usbd_ctlreq.o)
                0x0800ef90                USBD_StdDevReq
 .text.USBD_StdItfReq
                0x0800f294       0x68 ../../DaisyExamples/libDaisy//build\libdaisy.a(usbd_ctlreq.o)
                0x0800f294                USBD_StdItfReq
 .text.USBD_StdEPReq
                0x0800f2fc      0x13c ../../DaisyExamples/libDaisy//build\libdaisy.a(usbd_ctlreq.o)
                0x0800f2fc                USBD_StdEPReq
 .text.USBD_ParseSetupRequest
                0x0800f438       0x28 ../../DaisyExamples/libDaisy//build\libdaisy.a(usbd_ctlreq.o)
                0x0800f438                USBD_ParseSetupRequest
 .text.USBD_CtlSendData
                0x0800f460       0x1c ../../DaisyExamples/libDaisy//build\libdaisy.a(usbd_ioreq.o)
                0x0800f460                USBD_CtlSendData
 .text.USBD_CtlContinueSendData
                0x0800f47c       0x14 ../../DaisyExamples/libDaisy//build\libdaisy.a(usbd_ioreq.o)
                0x0800f47c                USBD_CtlContinueSendData
 .text.USBD_CtlContinueRx
                0x0800f490       0x14 ../../DaisyExamples/libDaisy//build\libdaisy.a(usbd_ioreq.o)
                0x0800f490                USBD_CtlContinueRx
 .text.USBD_CtlSendStatus
                0x0800f4a4       0x18 ../../DaisyExamples/libDaisy//build\libdaisy.a(usbd_ioreq.o)
                0x0800f4a4                USBD_CtlSendStatus
 .text.USBD_CtlReceiveStatus
                0x0800f4bc       0x18 ../../DaisyExamples/libDaisy//build\libdaisy.a(usbd_ioreq.o)
                0x0800f4bc                USBD_CtlReceiveStatus
 .text.USBH_LL_IncTimer
                0x0800f4d4       0x20 ../../DaisyExamples/libDaisy//build\libdaisy.a(usbh_core.o)
                0x0800f4d4                USBH_LL_IncTimer
 .text.USBH_LL_PortEnabled
                0x0800f4f4        0x8 ../../DaisyExamples/libDaisy//build\libdaisy.a(usbh_core.o)
                0x0800f4f4                USBH_LL_PortEnabled
 .text.USBH_LL_PortDisabled
                0x0800f4fc        0x8 ../../DaisyExamples/libDaisy//build\libdaisy.a(usbh_core.o)
                0x0800f4fc                USBH_LL_PortDisabled
 .text.USBH_LL_Connect
                0x0800f504       0x18 ../../DaisyExamples/libDaisy//build\libdaisy.a(usbh_core.o)
                0x0800f504                USBH_LL_Connect
 .text.USBH_LL_Disconnect
                0x0800f51c       0x2c ../../DaisyExamples/libDaisy//build\libdaisy.a(usbh_core.o)
                0x0800f51c                USBH_LL_Disconnect
 .text.USBH_FreePipe
                0x0800f548       0x18 ../../DaisyExamples/libDaisy//build\libdaisy.a(usbh_pipes.o)
                0x0800f548                USBH_FreePipe
 .text._ZN5daisy3Led4InitE12dsy_gpio_pinbf
                0x0800f560       0x48 ../../DaisyExamples/libDaisy//build\libdaisy.a(led.o)
                0x0800f560                daisy::Led::Init(dsy_gpio_pin, bool, float)
 .text._ZN5daisy3Led3SetEf
                0x0800f5a8       0x24 ../../DaisyExamples/libDaisy//build\libdaisy.a(led.o)
                0x0800f5a8                daisy::Led::Set(float)
 .text._ZN5daisy3Led6UpdateEv
                0x0800f5cc       0x48 ../../DaisyExamples/libDaisy//build\libdaisy.a(led.o)
                0x0800f5cc                daisy::Led::Update()
 .text._ZN5daisy6Random4InitEv
                0x0800f614       0x3c ../../DaisyExamples/libDaisy//build\libdaisy.a(rng.o)
                0x0800f614                daisy::Random::Init()
 .text._ZN5daisy9SpiHandle4Impl7InitDmaEv
                0x0800f650       0xec ../../DaisyExamples/libDaisy//build\libdaisy.a(spi.o)
                0x0800f650                daisy::SpiHandle::Impl::InitDma()
 .text._ZN5daisy9SpiHandle4Impl10StartDmaTxEPhjPFvPvEPFvS3_NS0_6ResultEES3_
                0x0800f73c       0xc8 ../../DaisyExamples/libDaisy//build\libdaisy.a(spi.o)
                0x0800f73c                daisy::SpiHandle::Impl::StartDmaTx(unsigned char*, unsigned int, void (*)(void*), void (*)(void*, daisy::SpiHandle::Result), void*)
 .text._ZN5daisy9SpiHandle4Impl10StartDmaRxEPhjPFvPvEPFvS3_NS0_6ResultEES3_
                0x0800f804       0xc8 ../../DaisyExamples/libDaisy//build\libdaisy.a(spi.o)
                0x0800f804                daisy::SpiHandle::Impl::StartDmaRx(unsigned char*, unsigned int, void (*)(void*), void (*)(void*, daisy::SpiHandle::Result), void*)
 .text._ZN5daisy9SpiHandle4Impl12StartDmaRxTxEPhS2_jPFvPvEPFvS3_NS0_6ResultEES3_
                0x0800f8cc       0xcc ../../DaisyExamples/libDaisy//build\libdaisy.a(spi.o)
                0x0800f8cc                daisy::SpiHandle::Impl::StartDmaRxTx(unsigned char*, unsigned char*, unsigned int, void (*)(void*), void (*)(void*, daisy::SpiHandle::Result), void*)
 .text._ZN5daisy9SpiHandle4Impl8InitPinsEv
                0x0800f998      0x274 ../../DaisyExamples/libDaisy//build\libdaisy.a(spi.o)
                0x0800f998                daisy::SpiHandle::Impl::InitPins()
 .text.HAL_SPI_MspInit
                0x0800fc0c      0x1a8 ../../DaisyExamples/libDaisy//build\libdaisy.a(spi.o)
                0x0800fc0c                HAL_SPI_MspInit
 .text.dsy_spi_global_init
                0x0800fdb4       0x80 ../../DaisyExamples/libDaisy//build\libdaisy.a(spi.o)
                0x0800fdb4                dsy_spi_global_init
 .text.SPI1_IRQHandler
                0x0800fe34        0xc ../../DaisyExamples/libDaisy//build\libdaisy.a(spi.o)
                0x0800fe34                SPI1_IRQHandler
 .text.SPI2_IRQHandler
                0x0800fe40        0xc ../../DaisyExamples/libDaisy//build\libdaisy.a(spi.o)
                0x0800fe40                SPI2_IRQHandler
 .text.SPI3_IRQHandler
                0x0800fe4c        0xc ../../DaisyExamples/libDaisy//build\libdaisy.a(spi.o)
                0x0800fe4c                SPI3_IRQHandler
 .text.SPI4_IRQHandler
                0x0800fe58        0xc ../../DaisyExamples/libDaisy//build\libdaisy.a(spi.o)
                0x0800fe58                SPI4_IRQHandler
 .text.SPI5_IRQHandler
                0x0800fe64        0xc ../../DaisyExamples/libDaisy//build\libdaisy.a(spi.o)
                0x0800fe64                SPI5_IRQHandler
 .text.DMA2_Stream2_IRQHandler
                0x0800fe70       0x34 ../../DaisyExamples/libDaisy//build\libdaisy.a(spi.o)
                0x0800fe70                DMA2_Stream2_IRQHandler
 .text.DMA2_Stream3_IRQHandler
                0x0800fea4       0x38 ../../DaisyExamples/libDaisy//build\libdaisy.a(spi.o)
                0x0800fea4                DMA2_Stream3_IRQHandler
 .text.HAL_SPI_TxCpltCallback
                0x0800fedc       0xc4 ../../DaisyExamples/libDaisy//build\libdaisy.a(spi.o)
                0x0800fedc                HAL_SPI_TxCpltCallback
 .text.HAL_SPI_RxCpltCallback
                0x0800ffa0       0xc4 ../../DaisyExamples/libDaisy//build\libdaisy.a(spi.o)
                0x0800ffa0                HAL_SPI_RxCpltCallback
 .text.HAL_SPI_TxRxCpltCallback
                0x08010064       0xc4 ../../DaisyExamples/libDaisy//build\libdaisy.a(spi.o)
                0x08010064                HAL_SPI_TxRxCpltCallback
 .text.HAL_SPI_ErrorCallback
                0x08010128       0xc8 ../../DaisyExamples/libDaisy//build\libdaisy.a(spi.o)
                0x08010128                HAL_SPI_ErrorCallback
 .text.startup._GLOBAL__sub_I__Z19MapInstanceToHandleP11SPI_TypeDef
                0x080101f0      0x1b0 ../../DaisyExamples/libDaisy//build\libdaisy.a(spi.o)
 .text.HAL_TIM_Base_MspInit
                0x080103a0      0x1e0 ../../DaisyExamples/libDaisy//build\libdaisy.a(tim.o)
                0x080103a0                HAL_TIM_Base_MspInit
 .text.HAL_TIM_PeriodElapsedCallback
                0x08010580       0x44 ../../DaisyExamples/libDaisy//build\libdaisy.a(tim.o)
                0x08010580                HAL_TIM_PeriodElapsedCallback
 .text.TIM2_IRQHandler
                0x080105c4        0xc ../../DaisyExamples/libDaisy//build\libdaisy.a(tim.o)
                0x080105c4                TIM2_IRQHandler
 .text.TIM3_IRQHandler
                0x080105d0        0xc ../../DaisyExamples/libDaisy//build\libdaisy.a(tim.o)
                0x080105d0                TIM3_IRQHandler
 .text.TIM4_IRQHandler
                0x080105dc        0xc ../../DaisyExamples/libDaisy//build\libdaisy.a(tim.o)
                0x080105dc                TIM4_IRQHandler
 .text.TIM5_IRQHandler
                0x080105e8        0xc ../../DaisyExamples/libDaisy//build\libdaisy.a(tim.o)
                0x080105e8                TIM5_IRQHandler
 .text._ZN5daisy11TimerHandle4InitERKNS0_6ConfigE
                0x080105f4       0xd0 ../../DaisyExamples/libDaisy//build\libdaisy.a(tim.o)
                0x080105f4                daisy::TimerHandle::Init(daisy::TimerHandle::Config const&)
 .text._ZN5daisy11TimerHandle5StartEv
                0x080106c4       0x24 ../../DaisyExamples/libDaisy//build\libdaisy.a(tim.o)
                0x080106c4                daisy::TimerHandle::Start()
 .text.startup._GLOBAL__sub_I__ZN5daisy11TimerHandle4Impl4InitERKNS0_6ConfigE
                0x080106e8       0x38 ../../DaisyExamples/libDaisy//build\libdaisy.a(tim.o)
 .text.dsy_dma_init
                0x08010720      0x100 ../../DaisyExamples/libDaisy//build\libdaisy.a(dma.o)
                0x08010720                dsy_dma_init
 .text.HAL_MDMA_Abort_IT
                0x08010820       0x2c ../../DaisyExamples/libDaisy//build\libdaisy.a(stm32h7xx_hal_mdma.o)
                0x08010820                HAL_MDMA_Abort_IT
 .text.SPI_CloseTransfer
                0x0801084c       0xb8 ../../DaisyExamples/libDaisy//build\libdaisy.a(stm32h7xx_hal_spi.o)
 .text.HAL_SPI_Init
                0x08010904      0x15c ../../DaisyExamples/libDaisy//build\libdaisy.a(stm32h7xx_hal_spi.o)
                0x08010904                HAL_SPI_Init
 .text.HAL_SPI_Transmit_DMA
                0x08010a60      0x170 ../../DaisyExamples/libDaisy//build\libdaisy.a(stm32h7xx_hal_spi.o)
                0x08010a60                HAL_SPI_Transmit_DMA
 .text.HAL_SPI_TransmitReceive_DMA
                0x08010bd0      0x218 ../../DaisyExamples/libDaisy//build\libdaisy.a(stm32h7xx_hal_spi.o)
                0x08010bd0                HAL_SPI_TransmitReceive_DMA
 .text.HAL_SPI_Receive_DMA
                0x08010de8      0x1b4 ../../DaisyExamples/libDaisy//build\libdaisy.a(stm32h7xx_hal_spi.o)
                0x08010de8                HAL_SPI_Receive_DMA
 .text.SPI_DMATransmitCplt
                0x08010f9c       0x28 ../../DaisyExamples/libDaisy//build\libdaisy.a(stm32h7xx_hal_spi.o)
 .text.SPI_DMAReceiveCplt
                0x08010fc4       0x28 ../../DaisyExamples/libDaisy//build\libdaisy.a(stm32h7xx_hal_spi.o)
 .text.SPI_DMATransmitReceiveCplt
                0x08010fec       0x28 ../../DaisyExamples/libDaisy//build\libdaisy.a(stm32h7xx_hal_spi.o)
 .text.HAL_SPI_TxHalfCpltCallback
                0x08011014        0x4 ../../DaisyExamples/libDaisy//build\libdaisy.a(stm32h7xx_hal_spi.o)
                0x08011014                HAL_SPI_TxHalfCpltCallback
 .text.SPI_DMAHalfTransmitCplt
                0x08011018        0xc ../../DaisyExamples/libDaisy//build\libdaisy.a(stm32h7xx_hal_spi.o)
 .text.HAL_SPI_RxHalfCpltCallback
                0x08011024        0x4 ../../DaisyExamples/libDaisy//build\libdaisy.a(stm32h7xx_hal_spi.o)
                0x08011024                HAL_SPI_RxHalfCpltCallback
 .text.SPI_DMAHalfReceiveCplt
                0x08011028        0xc ../../DaisyExamples/libDaisy//build\libdaisy.a(stm32h7xx_hal_spi.o)
 .text.HAL_SPI_TxRxHalfCpltCallback
                0x08011034        0x4 ../../DaisyExamples/libDaisy//build\libdaisy.a(stm32h7xx_hal_spi.o)
                0x08011034                HAL_SPI_TxRxHalfCpltCallback
 .text.SPI_DMAHalfTransmitReceiveCplt
                0x08011038        0xc ../../DaisyExamples/libDaisy//build\libdaisy.a(stm32h7xx_hal_spi.o)
 .text.SPI_DMAError
                0x08011044       0xd8 ../../DaisyExamples/libDaisy//build\libdaisy.a(stm32h7xx_hal_spi.o)
 .text.HAL_SPI_IRQHandler
                0x0801111c      0x23c ../../DaisyExamples/libDaisy//build\libdaisy.a(stm32h7xx_hal_spi.o)
                0x0801111c                HAL_SPI_IRQHandler
 .text.SPI_DMAAbortOnError
                0x08011358       0x1c ../../DaisyExamples/libDaisy//build\libdaisy.a(stm32h7xx_hal_spi.o)
 .text.HAL_SPI_GetState
                0x08011374        0x8 ../../DaisyExamples/libDaisy//build\libdaisy.a(stm32h7xx_hal_spi.o)
                0x08011374                HAL_SPI_GetState
 .text.HAL_TIM_Base_Init
                0x0801137c      0x140 ../../DaisyExamples/libDaisy//build\libdaisy.a(stm32h7xx_hal_tim.o)
                0x0801137c                HAL_TIM_Base_Init
 .text.HAL_TIM_Base_Start
                0x080114bc       0x34 ../../DaisyExamples/libDaisy//build\libdaisy.a(stm32h7xx_hal_tim.o)
                0x080114bc                HAL_TIM_Base_Start
 .text.HAL_TIM_Base_Start_IT
                0x080114f0       0x2c ../../DaisyExamples/libDaisy//build\libdaisy.a(stm32h7xx_hal_tim.o)
                0x080114f0                HAL_TIM_Base_Start_IT
 .text.HAL_TIM_ConfigClockSource
                0x0801151c      0x17c ../../DaisyExamples/libDaisy//build\libdaisy.a(stm32h7xx_hal_tim.o)
                0x0801151c                HAL_TIM_ConfigClockSource
 .text.HAL_TIM_OC_DelayElapsedCallback
                0x08011698        0x4 ../../DaisyExamples/libDaisy//build\libdaisy.a(stm32h7xx_hal_tim.o)
                0x08011698                HAL_TIM_OC_DelayElapsedCallback
 .text.HAL_TIM_IC_CaptureCallback
                0x0801169c        0x4 ../../DaisyExamples/libDaisy//build\libdaisy.a(stm32h7xx_hal_tim.o)
                0x0801169c                HAL_TIM_IC_CaptureCallback
 .text.HAL_TIM_PWM_PulseFinishedCallback
                0x080116a0        0x4 ../../DaisyExamples/libDaisy//build\libdaisy.a(stm32h7xx_hal_tim.o)
                0x080116a0                HAL_TIM_PWM_PulseFinishedCallback
 .text.HAL_TIM_TriggerCallback
                0x080116a4        0x4 ../../DaisyExamples/libDaisy//build\libdaisy.a(stm32h7xx_hal_tim.o)
                0x080116a4                HAL_TIM_TriggerCallback
 .text.HAL_TIM_IRQHandler
                0x080116a8      0x170 ../../DaisyExamples/libDaisy//build\libdaisy.a(stm32h7xx_hal_tim.o)
                0x080116a8                HAL_TIM_IRQHandler
 .text.HAL_TIMEx_MasterConfigSynchronization
                0x08011818       0x64 ../../DaisyExamples/libDaisy//build\libdaisy.a(stm32h7xx_hal_tim_ex.o)
                0x08011818                HAL_TIMEx_MasterConfigSynchronization
 .text.HAL_TIMEx_CommutCallback
                0x0801187c        0x4 ../../DaisyExamples/libDaisy//build\libdaisy.a(stm32h7xx_hal_tim_ex.o)
                0x0801187c                HAL_TIMEx_CommutCallback
 .text.HAL_TIMEx_BreakCallback
                0x08011880        0x4 ../../DaisyExamples/libDaisy//build\libdaisy.a(stm32h7xx_hal_tim_ex.o)
                0x08011880                HAL_TIMEx_BreakCallback
 .text.HAL_TIMEx_Break2Callback
                0x08011884        0x4 ../../DaisyExamples/libDaisy//build\libdaisy.a(stm32h7xx_hal_tim_ex.o)
                0x08011884                HAL_TIMEx_Break2Callback
 .text._ZN7daisysp8ReverbSc17NextRandomLinesegEPNS_10ReverbScDlEi
                0x08011888      0x108 ../../DaisyExamples/DaisySP//build\libdaisysp.a(reverbsc.o)